---
source: src/tui.rs
expression: text
---
bvr | mode=Main | focus=list | issues=3/3 | filter=all | sort=default | ? help | Tab focus |
┌Label Picker──────────────────────────────────────────────────────────────────────────────────────┐
│                                                                                                  │
│  ▸ core                     (1 issues)                                                           │
│    parity                   (1 issues)                                                           │
│                                                                                                  │
│                                                                                                  │
│                                                                                                  │
│                                                                                                  │
│                                                                                                  │
│                                                                                                  │
│                                                                                                  │
│                                                                                                  │
│                                                                                                  │
│                                                                                                  │
│                                                                                                  │
│                                                                                                  │
│                                                                                                  │
│                                                                                                  │
│                                                                                                  │
│                                                                                                  │
│                                                                                                  │
│                                                                                                  │
│                                                                                                  │
│                                                                                                  │
│                                                                                                  │
│                                                                                                  │
│                                                                                                  │
└──────────────────────────────────────────────────────────────────────────────────────────────────┘
j/k=navigate | Enter=filter by label | Esc=close
