---
source: src/tui.rs
expression: text
---
bvr 1 Main b Board i Insights | mode=Board | focus=list | issues=3/3 | filter=all |
┌Board Lanes [focus]─────────────────────┐┌Board Focus─────────────────────────────────────────────┐
│                                        ││                                                        │
│ Grouping: status (s cycles) | Empty: A ││ ┌────────────────────────────────────────┐             │
│                                        ││ │  o T A p0                              │             │
│ Lanes (5) | 3 issues total             ││ │ Root                                   │             │
│                                        ││ ├────────────────────────────────────────┤             │
│ ▸ open         [  2] ██  clear         ││ │ Lane: open                             │             │
│     ▶ oT P0 A          Root ↓1         ││ │ Assignee: alice                        │             │
│       oT P0 B          Dependent ⊘1    ││ │ Top-level issue that unblocks downst…  │             │
│                                        ││ └────────────────────────────────────────┘             │
│   in_progress  [  0]   empty           ││                                                        │
│     (no items in this lane)            ││ Unblocks (1)                                           │
│                                        ││   o B                                                  │
│   blocked      [  0]   empty           ││                                                        │
│     (no items in this lane)            ││ Ready to advance to next lane.                         │
│                                        ││                                                        │
│   closed       [  1] █  clear          ││                                                        │
│       xT P0 C          Closed          ││                                                        │
│                                        ││                                                        │
│   other        [  0]   empty           ││                                                        │
│     (no items in this lane)            ││                                                        │
│                                        ││                                                        │
│                                        ││                                                        │
│                                        ││                                                        │
│                                        ││                                                        │
│                                        ││                                                        │
│                                        ││                                                        │
└────────────────────────────────────────┘└────────────────────────────────────────────────────────┘
Board mode: lane counts, queued IDs, and selected issue delivery context | grouping=status (s cycles
