---
source: src/tui.rs
expression: text
---
bvr 1 Main b Board i Insights g Graph h History a Actionable [ Labels ] Flow | mode=Insights | focus=list | issues=3/3 | filter=all | sort=d
┌Insight Queue [focus]──────────────────────────────┐┌Insight Detail───────────────────────────────────────────────────────────────────────┐
│                                                   ││                                                                                     │
│ [Bottlenecks] s/S cycles panel | e explanations | ││ Analytics Cockpit                                                                   │
│                                                   ││ System Radar | bottlenecks=2 crit-path=3 cycles=0 cut-pts=0 k-core-max=1            │
│ Signal Tiles                                      ││                                                                                     │
│ [Flow ] open=2 blocked=1 crit-path=3 cycles=0     ││ Focus: A (Root)                                                                     │
│ [Risk ] bottlenecks=2 cut-points=0 zero-slack=2 m ││ Status: open | Priority: p0                                                         │
│                                                   ││                                                                                     │
│ Outlier Radar                                     ││ Metric Strip                                                                        │
│ [Lead ] bottleneck=A score=0.481 blocks=1         ││ [Rank ] pagerank=0.4805 betweenness=0.0000 eigenvector=1.0000                       │
│ [Rank ] influencer=A pr=0.4805                    ││ [HITS ] hub=0.0000 authority=1.0000 k-core=1                                        │
│ [Act  ] next-priority=A score=0.694 p0            ││ [Risk ] crit-depth=2 slack=0.0000 cut-point=no                                      │
│                                                   ││ [Flow ] blockers=0 dependents=1 crit-path=yes cycle=no                              │
│ Panel Focus | Bottlenecks | blocking pressure and ││ [Lead ] top-bottleneck=yes                                                          │
│                                                   ││                                                                                     │
│  1. A            score=0.481 blocks=1             ││ All Metrics:                                                                        │
│  2. B            score=0.260 blocks=0             ││   PageRank:     0.4805                                                              │
│                                                   ││   Betweenness:  0.0000                                                              │
│                                                   ││   Eigenvector:  1.0000                                                              │
│                                                   ││   Hub (HITS):   0.0000                                                              │
│                                                   ││   Auth (HITS):  1.0000                                                              │
│                                                   ││   K-core:       1                                                                   │
│                                                   ││   Crit depth:   2                                                                   │
│                                                   ││   Slack:        0.0000                                                              │
│                                                   ││   Cut point:    no                                                                  │
│                                                   ││                                                                                     │
│                                                   ││                                                                                     │
└───────────────────────────────────────────────────┘└─────────────────────────────────────────────────────────────────────────────────────┘
Insights [bottlenecks] | s/S panel | e explanations=on | x proof=off
