---
source: src/tui.rs
expression: text
---
bvr | mode=History ◉ Git | focus=list | issues=3/3 | filter=all | sort=default | ? help | Tab focus
┌Commits [focus]─────────────┐┌Related Beads────────────────────┐┌Commit Details───────────────────┐
│                            ││                                 ││                                 │
│ No git commits correlated  ││ Select a commit to view related ││ No correlated git commits avail │
│ (ensure repo has commits r ││                                 ││                                 │
│                            ││                                 ││ Browser Link: open selected com │
│                            ││                                 ││                                 │
│                            ││                                 ││                                 │
│                            ││                                 ││                                 │
│                            ││                                 ││                                 │
│                            ││                                 ││                                 │
│                            ││                                 ││                                 │
│                            ││                                 ││                                 │
│                            ││                                 ││                                 │
│                            ││                                 ││                                 │
│                            ││                                 ││                                 │
│                            ││                                 ││                                 │
│                            ││                                 ││                                 │
│                            ││                                 ││                                 │
│                            ││                                 ││                                 │
│                            ││                                 ││                                 │
│                            ││                                 ││                                 │
│                            ││                                 ││                                 │
│                            ││                                 ││                                 │
│                            ││                                 ││                                 │
│                            ││                                 ││                                 │
│                            ││                                 ││                                 │
│                            ││                                 ││                                 │
└────────────────────────────┘└─────────────────────────────────┘└─────────────────────────────────┘
c confidence >= 0% | v bead/git | / search | Tab mode | y copy | f file-tree | o open commit
