---
source: src/tui.rs
expression: text
---
bvr 1 Main b Board i Insights g Graph h History a Actionable [ Labels ] Flow | mode=History ◈ Beads | focus=list | issues=3/3 | filter=all |
┌Beads With History [focus]──────────────┐┌Commits────────────────────────────────────────┐┌Commit Details─────────────────────────────────┐
│                                        ││                                               ││                                               │
│ Bead history list (3 beads) | v toggle ││ No commits correlated with A.                 ││ History Summary: beads=3 closed-like=1 select │
│                                        ││                                               ││                                               │
│ ▸ oT A             2▪ open             ││                                               ││ Issue: A (Root)                               │
│   oT B             3▪ open             ││                                               ││ Status: open                                  │
│   xT C             3▪ closed           ││                                               ││ Min confidence filter: >= 0%                  │
│                                        ││                                               ││ Created/Updated/Closed: 2026-01-01 / 2026-01- │
│                                        ││                                               ││                                               │
│                                        ││                                               ││ LIFECYCLE:                                    │
│                                        ││                                               ││   │ + created    2026-01-01T00:00:00Z  Issue  │
│                                        ││                                               ││   └ . updated    2026-01-02T00:00:00Z  Curren │
│                                        ││                                               ││                                               │
│                                        ││                                               ││ Enter: backtrace selected commit | v: switch  │
│                                        ││                                               ││ y: copy bead ID | f: file tree                │
│                                        ││                                               ││                                               │
│                                        ││                                               ││                                               │
│                                        ││                                               ││                                               │
│                                        ││                                               ││                                               │
│                                        ││                                               ││                                               │
│                                        ││                                               ││                                               │
│                                        ││                                               ││                                               │
│                                        ││                                               ││                                               │
│                                        ││                                               ││                                               │
│                                        ││                                               ││                                               │
│                                        ││                                               ││                                               │
│                                        ││                                               ││                                               │
└────────────────────────────────────────┘└───────────────────────────────────────────────┘└───────────────────────────────────────────────┘
c confidence >= 0% | v bead/git | / search | Tab mode | y copy | f file-tree | h/Esc back | ^←/→ resize | ^0 reset split
