---
source: src/tui.rs
expression: text
---
bvr 1 Main b Board i Insights g Graph h History a Actionable [ Labels ] Flow | mode=Main | focus=list | issues=3/3 | filter=all | sort=defau
┌Issues [focus]─────────────────────────────────────┐┌Details──────────────────────────────────────────────────────────────────────────────┐
│                                                   ││                                                                                     │
│ ▸ T ●open P0 A ↓1 Root                            ││ T A  Root  (C copy id)                                                              │
│   T ●open P0 B ⊘1 Dependent                       ││ Status: open | Priority: p0 | Type: task | State: ready                             │
│   T ✔done P0 C Closed                             ││ Assignee: alice | Repo: viewer | Estimate: 90m  (w repo filter)                     │
│                                                   ││ Created: 2026-01-01 | Updated: 2026-01-02 | Due: n/a  (t time-travel)               │
│                                                   ││ Closed: n/a | Labels: [core] [parity]  (L label filter)                             │
│                                                   ││                                                                                     │
│                                                   ││ Triage Snapshot:                                                                    │
│                                                   ││   open blockers: 0 (none)                                                           │
│                                                   ││   unblocks: 1 (B)                                                                   │
│                                                   ││   dependency pressure: 0 upstream | 1 downstream                                    │
│                                                   ││                                                                                     │
│                                                   ││ Graph Signals:                                                                      │
│                                                   ││   Critical depth: 2 | k-core: 1 | slack: 0.0000 | cut-point: no                     │
│                                                   ││   PageRank:       0.4805  ██████  #1                                                │
│                                                   ││   Betweenness:    0.0000  ░░░░░░  #1                                                │
│                                                   ││   Eigenvector:    1.0000  ██████  #1                                                │
│                                                   ││   HITS: hub 0.0000 ░░░░░░ #2 | auth 1.0000 ██████ #1                                │
│                                                   ││                                                                                     │
│                                                   ││ Description:                                                                        │
│                                                   ││   Top-level issue that unblocks downstream work once the shared baseline is solid.  │
│                                                   ││                                                                                     │
│                                                   ││ Design Notes:                                                                       │
│                                                   ││   Keep the main flow lean, surface the most important context first, and let suppor │
│                                                   ││                                                                                     │
│                                                   ││                                                                                     │
└───────────────────────────────────────────────────┘└─────────────────────────────────────────────────────────────────────────────────────┘
b/i/g/h modes | / search | s default | p hints | C copy | x export | O edit | ^←/→ resize | ^0 reset split
