---
source: src/tui.rs
expression: artifact
---
=== E2E Journey: main→board→graph→insights→main | 120x35 ===

--- Step 1: main_list_start ---
bvr | mode=Main | focus=list | issues=3/3 | filter=all | sort=default | ? help | Tab focus |
┌Issues [focus]──────────────────────────────┐┌Details─────────────────────────────────────────────────────────────────┐
│                                            ││                                                                        │
│ > A              open        p0 Root       ││ T A  Root  (C copy id)                                                 │
│   B              open        p0 Dependent  ││ Status: open | Priority: p0 | Type: task | State: ready                │
│   C              closed      p0 Closed     ││ Assignee: alice | Repo: viewer | Estimate: 90m  (w repo filter)        │
│                                            ││ Created: 2026-01-01 | Updated: 2026-01-02 | Due: n/a  (t time-travel)  │
│                                            ││ Closed: n/a | Labels: core, parity  (L label filter)                   │
│                                            ││                                                                        │
│                                            ││ Triage Snapshot:                                                       │
│                                            ││   open blockers: 0 (none)                                              │
│                                            ││   unblocks: 1 (B)                                                      │
│                                            ││   dependency pressure: 0 upstream | 1 downstream                       │
│                                            ││                                                                        │
│                                            ││ Graph Signals:                                                         │
│                                            ││   Critical depth: 2 | k-core: 1 | slack: 0.0000 | cut-point: no        │
│                                            ││   PageRank:       0.4805  ██████  #1                                   │
│                                            ││   Betweenness:    0.0000  ░░░░░░  #1                                   │
│                                            ││   Eigenvector:    1.0000  ██████  #1                                   │
│                                            ││   HITS: hub 0.0000 ░░░░░░ #2 | auth 1.0000 ██████ #1                   │
│                                            ││                                                                        │
│                                            ││ Description:                                                           │
│                                            ││   Top-level issue that unblocks downstream work once the shared baseli │
│                                            ││                                                                        │
│                                            ││ Design Notes:                                                          │
│                                            ││   Keep the main flow lean, surface the most important context first, a │
│                                            ││                                                                        │
│                                            ││ Acceptance Criteria:                                                   │
│                                            ││   - Detail summary shows triage and graph context.                     │
│                                            ││   - Rich body sections stay readable across narrow and wide panes.     │
│                                            ││                                                                        │
│                                            ││ Notes:                                                                 │
│                                            ││                                                                        │
└────────────────────────────────────────────┘└────────────────────────────────────────────────────────────────────────┘
b/i/g/h modes | / search | s default | p hints | C copy | x export | O edit

--- Step 2: main_detail_focus ---
bvr | mode=Main | focus=detail | issues=3/3 | filter=all | sort=default | ? help | Tab focus |
┌Issues──────────────────────────────────────┐┌Details [focus]─────────────────────────────────────────────────────────┐
│                                            ││                                                                        │
│   A              open        p0 Root       ││ T B  Dependent  (C copy id)                                            │
│ > B              open        p0 Dependent  ││ Status: open | Priority: p0 | Type: task | State: blocked              │
│   C              closed      p0 Closed     ││ Assignee: unassigned | Repo: local | Estimate: n/a                     │
│                                            ││ Created: 2026-01-03 | Updated: 2026-01-04 | Due: n/a  (t time-travel)  │
│                                            ││ Closed: n/a | Labels: none                                             │
│                                            ││                                                                        │
│                                            ││ Triage Snapshot:                                                       │
│                                            ││   open blockers: 1 (A)                                                 │
│                                            ││   unblocks: 0 (none)                                                   │
│                                            ││   dependency pressure: 1 upstream | 0 downstream                       │
│                                            ││                                                                        │
│                                            ││ Graph Signals:                                                         │
│                                            ││   Critical depth: 1 | k-core: 1 | slack: 0.0000 | cut-point: no        │
│                                            ││   PageRank:       0.2597  ███░░░  #2                                   │
│                                            ││   Betweenness:    0.0000  ░░░░░░  #1                                   │
│                                            ││   Eigenvector:    0.0000  ░░░░░░  #2                                   │
│                                            ││   HITS: hub 1.0000 ██████ #1 | auth 0.0000 ░░░░░░ #2                   │
│                                            ││                                                                        │
│                                            ││ Description:                                                           │
│                                            ││   Depends on A and should report blocked state clearly.                │
│                                            ││                                                                        │
│                                            ││ Dependency Map:                                                        │
│                                            ││   upstream: A                                                          │
│                                            ││   open gate: A                                                         │
│                                            ││   downstream: none                                                     │
│                                            ││                                                                        │
│                                            ││ History Summary (3 events):                                            │
│                                            ││   - n/a Blocked by A                                                   │
│                                            ││   + 2026-01-03 Issue B created                                         │
│                                            ││                                                                        │
└────────────────────────────────────────────┘└────────────────────────────────────────────────────────────────────────┘
b/i/g/h modes | / search | s default | p hints | C copy | x export | O edit | ^j/k scroll

--- Step 3: board_entry ---
bvr | mode=Board | focus=list | issues=3/3 | filter=all | sort=default | ? help | Tab focus |
┌Board Lanes [focus]─────────────────────────┐┌Board Focus─────────────────────────────────────────────────────────────┐
│                                            ││                                                                        │
│ Grouping: status (s cycles) | Empty: Auto  ││ ┌────────────────────────────────────────┐                             │
│                                            ││ │  o T B p0                              │                             │
│ Lanes (5) | 3 issues total                 ││ │ Dependent                              │                             │
│                                            ││ ├────────────────────────────────────────┤                             │
│ > open         [  2] ██                    ││ │ Lane: open                             │                             │
│       o A          p0 Root                 ││ │ Assignee:                              │                             │
│     ▶ o B          p0 Dependent            ││ │ Depends on A and should report block…  │                             │
│                                            ││ └────────────────────────────────────────┘                             │
│   in_progress  [  0]                       ││                                                                        │
│     (empty)                                ││ Depends on (1)                                                         │
│                                            ││   o A [OPEN]                                                           │
│   blocked      [  0]                       ││                                                                        │
│     (empty)                                ││ Blocked by 1 open issue(s).                                            │
│                                            ││                                                                        │
│   closed       [  1] █                     ││                                                                        │
│       x C          p0 Closed               ││                                                                        │
│                                            ││                                                                        │
│   other        [  0]                       ││                                                                        │
│     (empty)                                ││                                                                        │
│                                            ││                                                                        │
│                                            ││                                                                        │
│                                            ││                                                                        │
│                                            ││                                                                        │
│                                            ││                                                                        │
│                                            ││                                                                        │
│                                            ││                                                                        │
│                                            ││                                                                        │
│                                            ││                                                                        │
│                                            ││                                                                        │
│                                            ││                                                                        │
└────────────────────────────────────────────┘└────────────────────────────────────────────────────────────────────────┘
Board mode: lane counts, queued IDs, and selected issue delivery context | grouping=status (s cycles) | empty-lanes=Auto

--- Step 4: board_navigate ---
bvr | mode=Board | focus=list | issues=3/3 | filter=all | sort=default | ? help | Tab focus |
┌Board Lanes [focus]─────────────────────────┐┌Board Focus─────────────────────────────────────────────────────────────┐
│                                            ││                                                                        │
│ Grouping: status (s cycles) | Empty: Auto  ││ ┌────────────────────────────────────────┐                             │
│                                            ││ │  x T C p0                              │                             │
│ Lanes (5) | 3 issues total                 ││ │ Closed                                 │                             │
│                                            ││ ├────────────────────────────────────────┤                             │
│   open         [  2] ██                    ││ │ Lane: closed                           │                             │
│       o A          p0 Root                 ││ │ Assignee:                              │                             │
│       o B          p0 Dependent            ││ └────────────────────────────────────────┘                             │
│                                            ││                                                                        │
│   in_progress  [  0]                       ││                                                                        │
│     (empty)                                ││ Ready to advance to next lane.                                         │
│                                            ││                                                                        │
│   blocked      [  0]                       ││                                                                        │
│     (empty)                                ││                                                                        │
│                                            ││                                                                        │
│ > closed       [  1] █                     ││                                                                        │
│     ▶ x C          p0 Closed               ││                                                                        │
│                                            ││                                                                        │
│   other        [  0]                       ││                                                                        │
│     (empty)                                ││                                                                        │
│                                            ││                                                                        │
│                                            ││                                                                        │
│                                            ││                                                                        │
│                                            ││                                                                        │
│                                            ││                                                                        │
│                                            ││                                                                        │
│                                            ││                                                                        │
│                                            ││                                                                        │
│                                            ││                                                                        │
│                                            ││                                                                        │
│                                            ││                                                                        │
└────────────────────────────────────────────┘└────────────────────────────────────────────────────────────────────────┘
Board mode: lane counts, queued IDs, and selected issue delivery context | grouping=status (s cycles) | empty-lanes=Auto

--- Step 5: graph_entry_from_board ---
bvr | mode=Graph | focus=list | issues=3/3 | filter=all | sort=default | ? help | Tab focus |
┌Graph Nodes [focus]─────────────────────────┐┌Graph Focus─────────────────────────────────────────────────────────────┐
│                                            ││                                                                        │
│ Nodes (3) by critical-path score | h/l nav ││ Graph: nodes=3 edges=1 cycles=0 actionable=1                           │
│                                            ││ Focus: node 3/3 -> C (Closed)                                          │
│   o A            in: 0 out: 1 pr:0.481     ││ Focused edge: list focus (Tab to inspect relationships)                │
│   o B            in: 1 out: 0 pr:0.260     ││                                                                        │
│ > x C            in: 0 out: 0 pr:0.260     ││                   ╔══════════════════════════════════╗                 │
│                                            ││                   ║[x T p0] C                        ║                 │
│                                            ││                   ║Closed                            ║                 │
│                                            ││                   ║up:0 down:0                       ║                 │
│                                            ││                   ╚══════════════════════════════════╝                 │
│                                            ││                                                                        │
│                                            ││ GRAPH METRICS                                                          │
│                                            ││ Importance:                                                            │
│                                            ││   Critical Path         1  ███░░░  #2                                  │
│                                            ││   PageRank         0.2597  ███░░░  #2                                  │
│                                            ││   Eigenvector      0.0000  ░░░░░░  #2                                  │
│                                            ││ Flow & Connectivity:                                                   │
│                                            ││   Betweenness      0.0000  ░░░░░░  #1                                  │
│                                            ││   Hub Score        0.0000  ░░░░░░  #2                                  │
│                                            ││   Authority        0.0000  ░░░░░░  #2                                  │
│                                            ││ Connections:                                                           │
│                                            ││   In-Degree             0  ░░░░░░                                      │
│                                            ││   Out-Degree            0  ░░░░░░                                      │
│                                            ││   K-core: 0  Slack: 1.0000  Cut: no                                    │
│                                            ││   Cycles: none                                                         │
│                                            ││                                                                        │
│                                            ││ Top PageRank:                                                          │
│                                            ││   A            0.4805                                                  │
│                                            ││   B            0.2597                                                  │
│                                            ││   C            0.2597                                                  │
│                                            ││                                                                        │
└────────────────────────────────────────────┘└────────────────────────────────────────────────────────────────────────┘
h/l nodes | j/k nodes | H/L jump | Tab detail | / search | Enter open details | g/Esc back

--- Step 6: graph_detail_focus ---
bvr | mode=Graph | focus=detail | issues=3/3 | filter=all | sort=default | ? help | Tab focus |
┌Graph Nodes─────────────────────────────────┐┌Graph Focus [focus]─────────────────────────────────────────────────────┐
│                                            ││                                                                        │
│ Nodes (3) by critical-path score | h/l nav ││ Graph: nodes=3 edges=1 cycles=0 actionable=1                           │
│                                            ││ Focus: node 3/3 -> C (Closed)                                          │
│   o A            in: 0 out: 1 pr:0.481     ││ Focused edge: none (isolated node)                                     │
│   o B            in: 1 out: 0 pr:0.260     ││                                                                        │
│ > x C            in: 0 out: 0 pr:0.260     ││                   ╔══════════════════════════════════╗                 │
│                                            ││                   ║[x T p0] C                        ║                 │
│                                            ││                   ║Closed                            ║                 │
│                                            ││                   ║up:0 down:0                       ║                 │
│                                            ││                   ╚══════════════════════════════════╝                 │
│                                            ││                                                                        │
│                                            ││ GRAPH METRICS                                                          │
│                                            ││ Importance:                                                            │
│                                            ││   Critical Path         1  ███░░░  #2                                  │
│                                            ││   PageRank         0.2597  ███░░░  #2                                  │
│                                            ││   Eigenvector      0.0000  ░░░░░░  #2                                  │
│                                            ││ Flow & Connectivity:                                                   │
│                                            ││   Betweenness      0.0000  ░░░░░░  #1                                  │
│                                            ││   Hub Score        0.0000  ░░░░░░  #2                                  │
│                                            ││   Authority        0.0000  ░░░░░░  #2                                  │
│                                            ││ Connections:                                                           │
│                                            ││   In-Degree             0  ░░░░░░                                      │
│                                            ││   Out-Degree            0  ░░░░░░                                      │
│                                            ││   K-core: 0  Slack: 1.0000  Cut: no                                    │
│                                            ││   Cycles: none                                                         │
│                                            ││                                                                        │
│                                            ││ Top PageRank:                                                          │
│                                            ││   A            0.4805                                                  │
│                                            ││   B            0.2597                                                  │
│                                            ││   C            0.2597                                                  │
│                                            ││                                                                        │
└────────────────────────────────────────────┘└────────────────────────────────────────────────────────────────────────┘
h/Tab list | Enter open details | g/Esc back

--- Step 7: insights_entry ---
bvr | mode=Insights | focus=list | issues=3/3 | filter=all | sort=default | ? help | Tab focus |
┌Insight Queue [focus]───────────────────────┐┌Insight Detail──────────────────────────────────────────────────────────┐
│                                            ││                                                                        │
│ [Bottlenecks] s/S cycles panel | e explana ││ Analytics Cockpit                                                      │
│                                            ││ System Radar | bottlenecks=2 crit-path=3 cycles=0 cut-pts=0 k-core-max │
│ Signal Tiles                               ││                                                                        │
│ [Flow ] open=2 blocked=1 crit-path=3 cycle ││ Focus: C (Closed)                                                      │
│ [Risk ] bottlenecks=2 cut-points=0 zero-sl ││ Status: closed | Priority: p0                                          │
│                                            ││                                                                        │
│ Outlier Radar                              ││ Metric Strip                                                           │
│ [Lead ] bottleneck=A score=0.481 blocks=1  ││ [Rank ] pagerank=0.2597 betweenness=0.0000 eigenvector=0.0000          │
│ [Rank ] influencer=A pr=0.4805             ││ [HITS ] hub=0.0000 authority=0.0000 k-core=0                           │
│ [Act  ] next-priority=A score=0.696 p0     ││ [Risk ] crit-depth=1 slack=1.0000 cut-point=no                         │
│                                            ││ [Flow ] blockers=0 dependents=0 crit-path=yes cycle=no                 │
│ Panel Focus | Bottlenecks | blocking press ││ [Lead ] top-bottleneck=no                                              │
│                                            ││                                                                        │
│  1. A            score=0.481 blocks=1      ││ All Metrics:                                                           │
│  2. B            score=0.260 blocks=0      ││   PageRank:     0.2597                                                 │
│                                            ││   Betweenness:  0.0000                                                 │
│                                            ││   Eigenvector:  0.0000                                                 │
│                                            ││   Hub (HITS):   0.0000                                                 │
│                                            ││   Auth (HITS):  0.0000                                                 │
│                                            ││   K-core:       0                                                      │
│                                            ││   Crit depth:   1                                                      │
│                                            ││   Slack:        1.0000                                                 │
│                                            ││   Cut point:    no                                                     │
│                                            ││                                                                        │
│                                            ││ Critical Path Head:                                                    │
│                                            ││   - A                                                                  │
│                                            ││   - B                                                                  │
│                                            ││   - C                                                                  │
│                                            ││                                                                        │
│                                            ││                                                                        │
└────────────────────────────────────────────┘└────────────────────────────────────────────────────────────────────────┘
Insights [bottlenecks] | s/S panel | e explanations=on | x proof=off

--- Step 8: insights_panel_cycle ---
bvr | mode=Insights | focus=list | issues=3/3 | filter=all | sort=default | ? help | Tab focus |
┌Insight Queue [focus]───────────────────────┐┌Insight Detail──────────────────────────────────────────────────────────┐
│                                            ││                                                                        │
│ [Keystones] s/S cycles panel | e explanati ││ Analytics Cockpit                                                      │
│                                            ││ System Radar | bottlenecks=2 crit-path=3 cycles=0 cut-pts=0 k-core-max │
│ Signal Tiles                               ││                                                                        │
│ [Flow ] open=2 blocked=1 crit-path=3 cycle ││ Focus: C (Closed)                                                      │
│ [Risk ] bottlenecks=2 cut-points=0 zero-sl ││ Status: closed | Priority: p0                                          │
│                                            ││                                                                        │
│ Outlier Radar                              ││ Metric Strip                                                           │
│ [Lead ] bottleneck=A score=0.481 blocks=1  ││ [Rank ] pagerank=0.2597 betweenness=0.0000 eigenvector=0.0000          │
│ [Rank ] influencer=A pr=0.4805             ││ [HITS ] hub=0.0000 authority=0.0000 k-core=0                           │
│ [Act  ] next-priority=A score=0.696 p0     ││ [Risk ] crit-depth=1 slack=1.0000 cut-point=no                         │
│                                            ││ [Flow ] blockers=0 dependents=0 crit-path=yes cycle=no                 │
│ Panel Focus | Keystones | foundational cha ││ [Lead ] top-bottleneck=no                                              │
│                                            ││                                                                        │
│  1. A            depth=2 unblocks=1        ││ All Metrics:                                                           │
│  2. B            depth=1 unblocks=0        ││   PageRank:     0.2597                                                 │
│                                            ││   Betweenness:  0.0000                                                 │
│                                            ││   Eigenvector:  0.0000                                                 │
│                                            ││   Hub (HITS):   0.0000                                                 │
│                                            ││   Auth (HITS):  0.0000                                                 │
│                                            ││   K-core:       0                                                      │
│                                            ││   Crit depth:   1                                                      │
│                                            ││   Slack:        1.0000                                                 │
│                                            ││   Cut point:    no                                                     │
│                                            ││                                                                        │
│                                            ││ Critical Path Head:                                                    │
│                                            ││   - A                                                                  │
│                                            ││   - B                                                                  │
│                                            ││   - C                                                                  │
│                                            ││                                                                        │
│                                            ││                                                                        │
└────────────────────────────────────────────┘└────────────────────────────────────────────────────────────────────────┘
Insights [keystones] | s/S panel | e explanations=on | x proof=off

--- Step 9: main_return ---
bvr | mode=Main | focus=list | issues=3/3 | filter=all | sort=default | ? help | Tab focus |
┌Issues [focus]──────────────────────────────┐┌Details─────────────────────────────────────────────────────────────────┐
│                                            ││                                                                        │
│   A              open        p0 Root       ││ T C  Closed  (C copy id)                                               │
│   B              open        p0 Dependent  ││ Status: closed | Priority: p0 | Type: task | State: closed             │
│ > C              closed      p0 Closed     ││ Assignee: unassigned | Repo: local | Estimate: n/a                     │
│                                            ││ Created: 2026-01-01 | Updated: 2026-01-06 | Due: n/a  (t time-travel)  │
│                                            ││ Closed: 2026-01-06 | Labels: none                                      │
│                                            ││                                                                        │
│                                            ││ Triage Snapshot:                                                       │
│                                            ││   open blockers: 0 (none)                                              │
│                                            ││   unblocks: 0 (none)                                                   │
│                                            ││   dependency pressure: 0 upstream | 0 downstream                       │
│                                            ││   cycle time: 5d 0h                                                    │
│                                            ││                                                                        │
│                                            ││ Graph Signals:                                                         │
│                                            ││   Critical depth: 1 | k-core: 0 | slack: 1.0000 | cut-point: no        │
│                                            ││   PageRank:       0.2597  ███░░░  #2                                   │
│                                            ││   Betweenness:    0.0000  ░░░░░░  #1                                   │
│                                            ││   Eigenvector:    0.0000  ░░░░░░  #2                                   │
│                                            ││   HITS: hub 0.0000 ░░░░░░ #2 | auth 0.0000 ░░░░░░ #2                   │
│                                            ││                                                                        │
│                                            ││ Dependency Map:                                                        │
│                                            ││   upstream: none                                                       │
│                                            ││   open gate: none                                                      │
│                                            ││   downstream: none                                                     │
│                                            ││                                                                        │
│                                            ││ History Summary (3 events):                                            │
│                                            ││   + 2026-01-01 Issue C created                                         │
│                                            ││   . 2026-01-06 Current status: closed                                  │
│                                            ││   x 2026-01-06 Issue C is in closed-like status                        │
│                                            ││                                                                        │
│                                            ││                                                                        │
└────────────────────────────────────────────┘└────────────────────────────────────────────────────────────────────────┘
b/i/g/h modes | / search | s default | p hints | C copy | x export | O edit
