---
source: src/tui.rs
assertion_line: 24847
expression: artifact
---
=== E2E Journey: narrow-geometry-stress | 40x15 ===

--- Step 1: narrow_main ---
bvr 1 Main b Board i In  | 3/3 | all
┌Issues [focu┐┌Details─────────────────┐
│            ││                        │
│ Focus: lis ││ ────────────────────── │
│ scope=all  ││ Summary  ready to exec │
│ Guide: / s ││ T A  Root  (C copy id) │
│            ││ Status: open | Priorit │
│ ▸ #01 read ││ Action: Pull now | Dow │
│   #02 bloc ││ Assignee: alice | Repo │
│   #03 clos ││ Closed: n/a | Labels:  │
│            ││ Created: 2026-01-01 |  │
│            ││                        │
│            ││                        │
└────────────┘└────────────────────────┘
b/i/g/h modes | / search | s default

--- Step 2: narrow_board ---
bvr 1 Main b Board i In  | 3/3 | all
┌Board Lanes ┐┌Board Focus─────────────┐
│            ││                        │
│ Grouping:  ││ ┌───────────────────── │
│            ││ │  o T A p0            │
│ Lanes (5)  ││ │ Root                 │
│            ││ ├───────────────────── │
│ ▸ ┌─ open  ││ │ Lane: open           │
│   ▶ oT P0  ││ │ Assignee: alice      │
│   │ oT P0  ││ │ Labels: core, parity │
│   └─────── ││ │ Age: 89d | Updated:  │
│            ││ │ PR:0.481 Depth:2     │
│            ││                        │
└────────────┘└────────────────────────┘
Board mode: lane counts, queued IDs, and

--- Step 3: narrow_board_nav ---
bvr 1 Main b Board i In  | 3/3 | all
┌Board Lanes ┐┌Board Focus─────────────┐
│            ││                        │
│   └─────── ││ ┌───────────────────── │
│            ││ │  x T C p0            │
│   ┌─ in_pr ││ │ Closed               │
│   │ (empty ││ ├───────────────────── │
│   └─────── ││ │ Lane: closed         │
│            ││ │ Assignee:            │
│   ┌─ block ││ │ Age: 89d | Updated:  │
│   │ (empty ││ │ PR:0.260 Depth:1     │
│   └─────── ││ └───────────────────── │
│            ││                        │
└────────────┘└────────────────────────┘
Board mode: lane counts, queued IDs, and

--- Step 4: narrow_graph ---
bvr 1 Main b Board i In g Graph  | 3/3 |
┌Graph View [focus]────────────────────┐
│                                      │
│ Graph: nodes=3 edges=1 cycles=0 acti │
│ Focus: node 3/3 -> C (Closed)        │
│ Focused edge: list focus (Tab to ins │
│                                      │
│                   ╔═════════════════ │
│                   ║[x T p0] C        │
│                   ║Closed            │
│                   ║up:0 down:0       │
│                   ╚═════════════════ │
│                                      │
└──────────────────────────────────────┘
h/l nodes | j/k nodes | H/L jump

--- Step 5: narrow_insights ---
bvr 1 Main b Board i In  | 3/3 | all
┌Insight Queu┐┌Insight Detail──────────┐
│            ││                        │
│ [Bottlenec ││ Analytics Cockpit      │
│            ││ System Radar | bottlen │
│ Signal Til ││                        │
│ [Flow ] op ││ Focus: A (Root)        │
│ [Risk ] bo ││ Status: open | Priorit │
│            ││                        │
│ Outlier Ra ││ Metric Strip           │
│ [Lead ] bo ││ [Rank ] pagerank=0.480 │
│ [Rank ] in ││ [HITS ] hub=0.0000 aut │
│            ││                        │
└────────────┘└────────────────────────┘
Insights [bottlenecks] | Tab focus | / s

--- Step 6: narrow_insights_cycle ---
bvr 1 Main b Board i In  | 3/3 | all
┌Insight Queu┐┌Insight Detail──────────┐
│            ││                        │
│ [Keystones ││ Analytics Cockpit      │
│            ││ System Radar | bottlen │
│ Signal Til ││                        │
│ [Flow ] op ││ Focus: A (Root)        │
│ [Risk ] bo ││ Status: open | Priorit │
│            ││                        │
│ Outlier Ra ││ Metric Strip           │
│ [Lead ] bo ││ [Rank ] pagerank=0.480 │
│ [Rank ] in ││ [HITS ] hub=0.0000 aut │
│            ││                        │
└────────────┘└────────────────────────┘
Insights [keystones] | Tab focus | / sea

--- Step 7: narrow_actionable ---
bvr 1 Main b Board i In a Act  | 3/3 | a
┌Execution Tr┐┌Track Detail────────────┐
│            ││                        │
│ ⚡ ACTIONA ││ TRACK 1                │
│ RECOMMENDE ││ completing A unblocks  │
│            ││ 1 actionable item      │
│ ▸ TRACK 1  ││                        │
│   1 item   ││ ▸ A  score 0.692       │
│    └─ P0 A ││   Root                 │
│            ││   Unblocks: B          │
│            ││   Claim: br update A - │
│            ││                        │
│            ││                        │
└────────────┘└────────────────────────┘
Actionable: 1 tracks, 1 items | j/k navi

--- Step 8: narrow_tree ---
bvr 1 Main b Board i In T Tree  | 3/3 |
┌Dependency T┐┌Issue Detail────────────┐
│            ││                        │
│ Dependency ││ ID: A                  │
│            ││ Title: Root            │
│ > [-] o P0 ││ Status: open           │
│    |   `-  ││ Type: task             │
│       x P0 ││ Depth: 0               │
│            ││ Labels: core, parity   │
│            ││                        │
│            ││ Dependents (1):        │
│            ││   B - Dependent        │
│            ││                        │
└────────────┘└────────────────────────┘
Tree: 3 nodes | j/k navigate | Enter exp

--- Step 9: narrow_main_return ---
bvr 1 Main b Board i In  | 3/3 | all
┌Issues [focu┐┌Details─────────────────┐
│            ││                        │
│ Focus: lis ││ ────────────────────── │
│ scope=all  ││ Summary  reference sta │
│ Guide: / s ││ T C  Closed  (C copy i │
│            ││ Status: closed | Prior │
│   #01 read ││ Action: Closed work it │
│   #02 bloc ││ Assignee: unassigned | │
│ ▸ #03 clos ││ Closed: 2026-01-06 | L │
│            ││ Created: 2026-01-01 |  │
│            ││                        │
│            ││                        │
└────────────┘└────────────────────────┘
b/i/g/h modes | / search | s default
