---
source: src/tui.rs
expression: text
---
bvr 1 Main b Board i Insights | mode=Main | focus=list | issues=3/3 | filter=all |
┌Issues [focus]──────────────────────────┐┌Details─────────────────────────────────────────────────┐
│                                        ││                                                        │
│ Focus: list owns selection, / s…       ││ ────────────────────────────────────────────────       │
│ scope=all | label=any | repo=any | sea ││ Summary  ready to execute                              │
│ Guide: / search-as-you-type | o/c/r/B/ ││ F A  Feature work  (C copy id)                         │
│                                        ││ Status: open | Priority: p1 | Type: feature | State: r │
│ ▸ #01 ready P1 A Feature work          ││ Action: Pull now | Downstream impact: 0 | Critical dep │
│   #02 ready P2 B Bug fix               ││ Assignee: unassigned | Repo: local | Estimate: n/a  (w │
│   #03 ready P3 C UI polish             ││ Closed: n/a | Labels: [backend] [urgent]  (L label fil │
│                                        ││ Created: n/a | Updated: n/a | Due: n/a  (t time-travel │
│                                        ││                                                        │
│                                        ││ ────────────────────────────────────────────────       │
│                                        ││ Signals  rank and graph pressure                       │
│                                        ││ Depth 1 | k-core 0 | slack 0.0000 | cut-point no       │
│                                        ││ PR ██████ 0.33  BW ░░░░░░ 0.00                         │
│                                        ││ EV ██████ 0.58  blockers=0 | unblocks=0                │
│                                        ││                                                        │
│                                        ││ ────────────────────────────────────────────────       │
│                                        ││ Dependencies  upstream, gates, downstream              │
│                                        ││ Upstream: none                                         │
│                                        ││ Open Gate: none                                        │
│                                        ││ Downstream: none                                       │
│                                        ││                                                        │
│                                        ││ ────────────────────────────────────────────────       │
│                                        ││ Priority Hints  scoring rationale                      │
│                                        ││                                                        │
│                                        ││                                                        │
└────────────────────────────────────────┘└────────────────────────────────────────────────────────┘
b/i/g/h modes | / search | s default | p hints | C copy | x export | O edit | ^←/→ resize
