---
source: src/tui.rs
expression: text
---
bvr 1 Main b Board i Insights | mode=Main | focus=list | issues=3/3 | filter=all |
┌Help──────────────────────────────────────────────────────────────────────────────────────────────┐
│                                                                                                  │
│ [Navigation]                                     | [Search]                                      │
│   j/k          Move selection up/down            |   /            Start search                   │
│   arrows       Move selection up/down            |   n/N          Next/prev search match         │
│   h/l          Lateral nav (lanes, peers)        |   Tab          Cycle search mode (in /)       │
│   Ctrl+d/u     Jump down/up by 10                |   Esc          Cancel search                  │
│   Ctrl+j/k     Scroll detail pane                |   Enter        Confirm search                 │
│   Ctrl+←/→     Resize active pane split          |                                               │
│   Ctrl+0       Reset pane splits                 | [Actions]                                     │
│   PgUp/PgDn    Jump by 10                        |   p            Toggle priority hints          │
│   Home/End     Jump to top/bottom                |   C            Copy issue ID                  │
│   G            Jump to bottom                    |   x            Export issue markdown          │
│   Tab          Toggle list/detail focus          |   O            Open in editor                 │
│   J/K          Navigate deps in detail           |   Ctrl+R/F5    Refresh from disk              │
│   Enter        Return to main / drill            |                                               │
│   scroll       Mouse wheel scrolls list          | [History]                                     │
│   splitter click/scroll Mouse-resize active div… |   c            Cycle confidence filter        │
│                                                  |   y            Copy SHA/ID                    │
│ [Views]                                          |   o            Open commit in browser         │
│   a            Toggle actionable mode            |   f            Toggle file tree               │
│   b            Toggle board mode                 |                                               │
│   i            Toggle insights mode              | [Board]                                       │
│   g            Toggle graph mode                 |   1-4          Jump to lane                   │
│   h            Toggle history mode               |   H/L          First/last lane                │
│   !            Toggle attention mode             |   0/$          First/last in lane             │
│                                                                                                  │
└──────────────────────────────────────────────────────────────────────────────────────────────────┘
? or Esc close | j/k scroll | Ctrl+d/u page | line 1/37
