---
source: src/tui.rs
expression: artifact
---
=== E2E Journey: actionable→tree→attention | 120x35 ===

--- Step 1: main_start ---
bvr 1 Main b Board i Insights g Graph h History | mode=Main | focus=list | issues=3/3 | filter=all | sort=default |
┌Issues [focus]──────────────────────────────┐┌Details─────────────────────────────────────────────────────────────────┐
│                                            ││                                                                        │
│ Focus: list owns selection, / s…           ││ ────────────────────────────────────────────────                       │
│ scope=all | label=any | repo=any | search= ││ Summary  ready to execute                                              │
│ Guide: / search-as-you-type | o/c/r/B/I qu ││ F A  Feature work  (C copy id)                                         │
│                                            ││ Status: open | Priority: p1 | Type: feature | State: ready             │
│ ▸ #01 ready P1 A Feature work              ││ Action: Pull now | Downstream impact: 0 | Critical depth: 1            │
│   #02 ready P2 B Bug fix                   ││ Assignee: unassigned | Repo: local | Estimate: n/a  (w repo filter)    │
│   #03 ready P3 C UI polish                 ││ Closed: n/a | Labels: [backend] [urgent]  (L label filter)             │
│                                            ││ Created: n/a | Updated: n/a | Due: n/a  (t time-travel)                │
│                                            ││                                                                        │
│                                            ││ ────────────────────────────────────────────────                       │
│                                            ││ Signals  rank and graph pressure                                       │
│                                            ││ Depth 1 | k-core 0 | slack 0.0000 | cut-point no                       │
│                                            ││ PR ██████ 0.33  BW ░░░░░░ 0.00                                         │
│                                            ││ EV ██████ 0.58  blockers=0 | unblocks=0                                │
│                                            ││                                                                        │
│                                            ││ ────────────────────────────────────────────────                       │
│                                            ││ Dependencies  upstream, gates, downstream                              │
│                                            ││ Upstream: none                                                         │
│                                            ││ Open Gate: none                                                        │
│                                            ││ Downstream: none                                                       │
│                                            ││                                                                        │
│                                            ││                                                                        │
│                                            ││                                                                        │
│                                            ││                                                                        │
│                                            ││                                                                        │
│                                            ││ ────────────────────────────────────────────────                       │
│                                            ││ History Summary (1 events)                                             │
│                                            ││   + n/a Issue A created                                                │
│                                            ││                                                                        │
│                                            ││                                                                        │
└────────────────────────────────────────────┘└────────────────────────────────────────────────────────────────────────┘
b/i/g/h modes | / search | s default | p hints | C copy | x export | O edit | ^←/→ resize | ^0 reset split

--- Step 2: actionable_entry ---
bvr 1 Main b Board i Insights g Graph h History a Actionable | mode=Actionable | focus=list | issues=3/3 | filter=all |
┌Execution Tracks [focus]────────────────────┐┌Track Detail────────────────────────────────────────────────────────────┐
│                                            ││                                                                        │
│ ⚡ ACTIONABLE ITEMS | 3 items in 3 tracks  ││ TRACK 1                                                                │
│ RECOMMENDED: Start with A -> highest impac ││ independent issue — can execute in parallel                            │
│                                            ││ 1 actionable item                                                      │
│ ▸ TRACK 1 | independent issue — can execut ││                                                                        │
│   1 item                                   ││ ▸ A  score 0.591                                                       │
│    └─ A             0.59  Feature work     ││   Feature work                                                         │
│                                            ││   Claim: br update A --status=in_progress                              │
│   TRACK 2 | independent issue — can execut ││                                                                        │
│   1 item                                   ││ Highest impact: A                                                      │
│    └─ B             0.58  Bug fix          ││ Impact detail: highest impact: A (score 0.59)                          │
│                                            ││                                                                        │
│   TRACK 3 | independent issue — can execut ││                                                                        │
│   1 item                                   ││                                                                        │
│    └─ C             0.41  UI polish        ││                                                                        │
│                                            ││                                                                        │
│                                            ││                                                                        │
│                                            ││                                                                        │
│                                            ││                                                                        │
│                                            ││                                                                        │
│                                            ││                                                                        │
│                                            ││                                                                        │
│                                            ││                                                                        │
│                                            ││                                                                        │
│                                            ││                                                                        │
│                                            ││                                                                        │
│                                            ││                                                                        │
│                                            ││                                                                        │
│                                            ││                                                                        │
│                                            ││                                                                        │
│                                            ││                                                                        │
└────────────────────────────────────────────┘└────────────────────────────────────────────────────────────────────────┘
Actionable: 3 tracks, 3 items | j/k navigate | Tab focus | a/Esc back

--- Step 3: actionable_detail_nav ---
bvr 1 Main b Board i Insights g Graph h History a Actionable | mode=Actionable | focus=detail | issues=3/3 | filter=all
┌Execution Tracks────────────────────────────┐┌Track Detail [focus]────────────────────────────────────────────────────┐
│                                            ││                                                                        │
│ ⚡ ACTIONABLE ITEMS | 3 items in 3 tracks  ││ TRACK 1                                                                │
│ RECOMMENDED: Start with A -> highest impac ││ independent issue — can execute in parallel                            │
│                                            ││ 1 actionable item                                                      │
│   TRACK 1 | independent issue — can execut ││                                                                        │
│   1 item                                   ││ ▸ A  score 0.591                                                       │
│   ▸└─ A             0.59  Feature work     ││   Feature work                                                         │
│                                            ││   Claim: br update A --status=in_progress                              │
│   TRACK 2 | independent issue — can execut ││                                                                        │
│   1 item                                   ││ Highest impact: A                                                      │
│    └─ B             0.58  Bug fix          ││ Impact detail: highest impact: A (score 0.59)                          │
│                                            ││                                                                        │
│   TRACK 3 | independent issue — can execut ││                                                                        │
│   1 item                                   ││                                                                        │
│    └─ C             0.41  UI polish        ││                                                                        │
│                                            ││                                                                        │
│                                            ││                                                                        │
│                                            ││                                                                        │
│                                            ││                                                                        │
│                                            ││                                                                        │
│                                            ││                                                                        │
│                                            ││                                                                        │
│                                            ││                                                                        │
│                                            ││                                                                        │
│                                            ││                                                                        │
│                                            ││                                                                        │
│                                            ││                                                                        │
│                                            ││                                                                        │
│                                            ││                                                                        │
│                                            ││                                                                        │
│                                            ││                                                                        │
└────────────────────────────────────────────┘└────────────────────────────────────────────────────────────────────────┘
Actionable: 3 tracks, 3 items | j/k navigate | Tab focus | a/Esc back

--- Step 4: tree_entry ---
bvr 1 Main b Board i Insights g Graph h History T Tree | mode=Tree | focus=list | issues=3/3 | filter=all | sort=default
┌Dependency Tree [focus]─────────────────────┐┌Issue Detail────────────────────────────────────────────────────────────┐
│                                            ││                                                                        │
│ Dependency tree (3 nodes) | Enter expand/c ││ ID: A                                                                  │
│                                            ││ Title: Feature work                                                    │
│ >     (o) A Feature work                   ││ Status: open                                                           │
│       (o) B Bug fix                        ││ Type: feature                                                          │
│       (o) C UI polish                      ││ Depth: 0                                                               │
│                                            ││ Labels: backend, urgent                                                │
│                                            ││                                                                        │
│                                            ││                                                                        │
│                                            ││                                                                        │
│                                            ││                                                                        │
│                                            ││                                                                        │
│                                            ││                                                                        │
│                                            ││                                                                        │
│                                            ││                                                                        │
│                                            ││                                                                        │
│                                            ││                                                                        │
│                                            ││                                                                        │
│                                            ││                                                                        │
│                                            ││                                                                        │
│                                            ││                                                                        │
│                                            ││                                                                        │
│                                            ││                                                                        │
│                                            ││                                                                        │
│                                            ││                                                                        │
│                                            ││                                                                        │
│                                            ││                                                                        │
│                                            ││                                                                        │
│                                            ││                                                                        │
│                                            ││                                                                        │
│                                            ││                                                                        │
└────────────────────────────────────────────┘└────────────────────────────────────────────────────────────────────────┘
Tree: 3 nodes | j/k navigate | Enter expand/collapse | Tab focus | T/Esc back

--- Step 5: tree_navigate ---
bvr 1 Main b Board i Insights g Graph h History T Tree | mode=Tree | focus=list | issues=3/3 | filter=all | sort=default
┌Dependency Tree [focus]─────────────────────┐┌Issue Detail────────────────────────────────────────────────────────────┐
│                                            ││                                                                        │
│ Dependency tree (3 nodes) | Enter expand/c ││ ID: A                                                                  │
│                                            ││ Title: Feature work                                                    │
│ >     (o) A Feature work                   ││ Status: open                                                           │
│       (o) B Bug fix                        ││ Type: feature                                                          │
│       (o) C UI polish                      ││ Depth: 0                                                               │
│                                            ││ Labels: backend, urgent                                                │
│                                            ││                                                                        │
│                                            ││                                                                        │
│                                            ││                                                                        │
│                                            ││                                                                        │
│                                            ││                                                                        │
│                                            ││                                                                        │
│                                            ││                                                                        │
│                                            ││                                                                        │
│                                            ││                                                                        │
│                                            ││                                                                        │
│                                            ││                                                                        │
│                                            ││                                                                        │
│                                            ││                                                                        │
│                                            ││                                                                        │
│                                            ││                                                                        │
│                                            ││                                                                        │
│                                            ││                                                                        │
│                                            ││                                                                        │
│                                            ││                                                                        │
│                                            ││                                                                        │
│                                            ││                                                                        │
│                                            ││                                                                        │
│                                            ││                                                                        │
│                                            ││                                                                        │
└────────────────────────────────────────────┘└────────────────────────────────────────────────────────────────────────┘
Tree: 3 nodes | j/k navigate | Enter expand/collapse | Tab focus | T/Esc back

--- Step 6: attention_entry ---
bvr 1 Main b Board i Insights g Graph h History ! Attention | mode=Attention | focus=list | issues=3/3 | filter=all | so
┌Label Attention [focus]─────────────────────┐┌Label Detail────────────────────────────────────────────────────────────┐
│                                            ││                                                                        │
│ Rank  Label                 Score  Reason  ││ Label: backend                                                         │
│ ────────────────────────────────────────── ││ Rank: #1                                                               │
│ ▸  1  backend                0.7  2 open i ││ Attention Score: 0.667                                                 │
│    2  frontend               0.3  1 open i ││ Normalized: 1.000                                                      │
│    3  urgent                 0.3  1 open i ││                                                                        │
│                                            ││ Breakdown:                                                             │
│                                            ││   Open:     2                                                          │
│                                            ││   Blocked:  0                                                          │
│                                            ││   Stale:    0                                                          │
│                                            ││                                                                        │
│                                            ││ Factors:                                                               │
│                                            ││   PageRank sum:     0.6667                                             │
│                                            ││   Staleness factor: 1.00                                               │
│                                            ││   Block impact:     0.0                                                │
│                                            ││   Velocity factor:  1.00                                               │
│                                            ││                                                                        │
│                                            ││ Reason: 2 open issue(s)                                                │
│                                            ││                                                                        │
│                                            ││ Open issues (2):                                                       │
│                                            ││   A                                                                    │
│                                            ││   B                                                                    │
│                                            ││                                                                        │
│                                            ││                                                                        │
│                                            ││                                                                        │
│                                            ││                                                                        │
│                                            ││                                                                        │
│                                            ││                                                                        │
│                                            ││                                                                        │
│                                            ││                                                                        │
│                                            ││                                                                        │
└────────────────────────────────────────────┘└────────────────────────────────────────────────────────────────────────┘
Attention: 3 labels ranked | j/k navigate | Tab focus | !/Esc back

--- Step 7: attention_detail ---
bvr 1 Main b Board i Insights g Graph h History ! Attention | mode=Attention | focus=detail | issues=3/3 | filter=all |
┌Label Attention─────────────────────────────┐┌Label Detail [focus]────────────────────────────────────────────────────┐
│                                            ││                                                                        │
│ Rank  Label                 Score  Reason  ││ Label: frontend                                                        │
│ ────────────────────────────────────────── ││ Rank: #2                                                               │
│    1  backend                0.7  2 open i ││ Attention Score: 0.333                                                 │
│ ▸  2  frontend               0.3  1 open i ││ Normalized: 0.000                                                      │
│    3  urgent                 0.3  1 open i ││                                                                        │
│                                            ││ Breakdown:                                                             │
│                                            ││   Open:     1                                                          │
│                                            ││   Blocked:  0                                                          │
│                                            ││   Stale:    0                                                          │
│                                            ││                                                                        │
│                                            ││ Factors:                                                               │
│                                            ││   PageRank sum:     0.3333                                             │
│                                            ││   Staleness factor: 1.00                                               │
│                                            ││   Block impact:     0.0                                                │
│                                            ││   Velocity factor:  1.00                                               │
│                                            ││                                                                        │
│                                            ││ Reason: 1 open issue(s)                                                │
│                                            ││                                                                        │
│                                            ││ Open issues (1):                                                       │
│                                            ││   C                                                                    │
│                                            ││                                                                        │
│                                            ││                                                                        │
│                                            ││                                                                        │
│                                            ││                                                                        │
│                                            ││                                                                        │
│                                            ││                                                                        │
│                                            ││                                                                        │
│                                            ││                                                                        │
│                                            ││                                                                        │
│                                            ││                                                                        │
└────────────────────────────────────────────┘└────────────────────────────────────────────────────────────────────────┘
Attention: 3 labels ranked | j/k navigate | Tab focus | !/Esc back

--- Step 8: main_return ---
bvr 1 Main b Board i Insights g Graph h History | mode=Main | focus=list | issues=3/3 | filter=all | sort=default |
┌Issues [focus]──────────────────────────────┐┌Details─────────────────────────────────────────────────────────────────┐
│                                            ││                                                                        │
│ Focus: list owns selection, / s…           ││ ────────────────────────────────────────────────                       │
│ scope=all | label=any | repo=any | search= ││ Summary  ready to execute                                              │
│ Guide: / search-as-you-type | o/c/r/B/I qu ││ F A  Feature work  (C copy id)                                         │
│                                            ││ Status: open | Priority: p1 | Type: feature | State: ready             │
│ ▸ #01 ready P1 A Feature work              ││ Action: Pull now | Downstream impact: 0 | Critical depth: 1            │
│   #02 ready P2 B Bug fix                   ││ Assignee: unassigned | Repo: local | Estimate: n/a  (w repo filter)    │
│   #03 ready P3 C UI polish                 ││ Closed: n/a | Labels: [backend] [urgent]  (L label filter)             │
│                                            ││ Created: n/a | Updated: n/a | Due: n/a  (t time-travel)                │
│                                            ││                                                                        │
│                                            ││ ────────────────────────────────────────────────                       │
│                                            ││ Signals  rank and graph pressure                                       │
│                                            ││ Depth 1 | k-core 0 | slack 0.0000 | cut-point no                       │
│                                            ││ PR ██████ 0.33  BW ░░░░░░ 0.00                                         │
│                                            ││ EV ██████ 0.58  blockers=0 | unblocks=0                                │
│                                            ││                                                                        │
│                                            ││ ────────────────────────────────────────────────                       │
│                                            ││ Dependencies  upstream, gates, downstream                              │
│                                            ││ Upstream: none                                                         │
│                                            ││ Open Gate: none                                                        │
│                                            ││ Downstream: none                                                       │
│                                            ││                                                                        │
│                                            ││                                                                        │
│                                            ││                                                                        │
│                                            ││                                                                        │
│                                            ││                                                                        │
│                                            ││ ────────────────────────────────────────────────                       │
│                                            ││ History Summary (1 events)                                             │
│                                            ││   + n/a Issue A created                                                │
│                                            ││                                                                        │
│                                            ││                                                                        │
└────────────────────────────────────────────┘└────────────────────────────────────────────────────────────────────────┘
b/i/g/h modes | / search | s default | p hints | C copy | x export | O edit | ^←/→ resize | ^0 reset split
