---
source: src/tui.rs
expression: text
---
bvr | mode=Graph | focus=list | issues=3/3 | filter=all | sort=default | ? help | Tab focus |
┌Graph Nodes [focus]────────────────────────────────┐┌Graph Focus──────────────────────────────────────────────────────────────────────────┐
│                                                   ││                                                                                     │
│ Nodes  3 by critical-path score | h/l nav | / sea ││ Graph: nodes=3 edges=1 cycles=0 actionable=1                                        │
│ ───────────────────────────────────────────────── ││ Focus: node 1/3 -> A (Root)                                                         │
│ ▸ A PR ██████ 0.48 in: 0 out: 1 Root              ││ Focused edge: list focus (Tab to inspect relationships)                             │
│   B PR ███░░░ 0.26 in: 1 out: 0 Dependent         ││                                                                                     │
│   C PR ███░░░ 0.26 in: 0 out: 0 Closed            ││                   ╔══════════════════════════════════╗                              │
│                                                   ││                   ║[o T p0] A                        ║                              │
│                                                   ││                   ║Root                              ║                              │
│                                                   ││                   ║up:0 down:1                       ║                              │
│                                                   ││                   ╚══════════════════════════════════╝                              │
│                                                   ││                                    │                                                │
│                                                   ││                                    │                                                │
│                                                   ││                                    ▼                                                │
│                                                   ││                       ▼ BLOCKS (waiting on this) ▼                                  │
│                                                   ││                           ┌──────────────────┐                                      │
│                                                   ││                           │ [o] B            │                                      │
│                                                   ││                           │Dependent         │                                      │
│                                                   ││                           └──────────────────┘                                      │
│                                                   ││                                                                                     │
│                                                   ││ GRAPH METRICS                                                                       │
│                                                   ││ Importance:                                                                         │
│                                                   ││   Critical Path         2  ██████  #1                                               │
│                                                   ││   PageRank         0.4805  ██████  #1                                               │
│                                                   ││   Eigenvector      1.0000  ██████  #1                                               │
│                                                   ││ Flow & Connectivity:                                                                │
│                                                   ││                                                                                     │
└───────────────────────────────────────────────────┘└─────────────────────────────────────────────────────────────────────────────────────┘
h/l nodes | j/k nodes | H/L jump | Tab detail | / search | Enter open details | g/Esc back
