---
source: src/tui.rs
expression: text
---
bvr 1 Main b Board i Insights | mode=Main | focus=list | issues=3/3 | filter=all |
┌Export Pages?─────────────────────────────────────────────────────────────────────────────────────┐
│                                                                                                  │
│ Finalize the current pages export settings?                                                      │
│                                                                                                  │
│ Press Y to confirm, N or Esc to cancel.                                                          │
│                                                                                                  │
│                                                                                                  │
│                                                                                                  │
│                                                                                                  │
│                                                                                                  │
│                                                                                                  │
│                                                                                                  │
│                                                                                                  │
│                                                                                                  │
│                                                                                                  │
│                                                                                                  │
│                                                                                                  │
│                                                                                                  │
│                                                                                                  │
│                                                                                                  │
│                                                                                                  │
│                                                                                                  │
│                                                                                                  │
│                                                                                                  │
│                                                                                                  │
│                                                                                                  │
│                                                                                                  │
└──────────────────────────────────────────────────────────────────────────────────────────────────┘
Y=confirm | N/Esc=cancel
