---
source: src/tui.rs
expression: text
---
bvr 1 Main b Board i Insights g Graph h History a Actionable [ Labels ] Flow | mode=Flow | focus=list | issues=3/3 | filter=all | sort=defau
┌Flow Matrix [focus]────────────────────────────────┐┌Flow Detail──────────────────────────────────────────────────────────────────────────┐
│                                                   ││                                                                                     │
│ (computing flow matrix...)                        ││ (no flow data)                                                                      │
│                                                   ││                                                                                     │
│                                                   ││                                                                                     │
│                                                   ││                                                                                     │
│                                                   ││                                                                                     │
│                                                   ││                                                                                     │
│                                                   ││                                                                                     │
│                                                   ││                                                                                     │
│                                                   ││                                                                                     │
│                                                   ││                                                                                     │
│                                                   ││                                                                                     │
│                                                   ││                                                                                     │
│                                                   ││                                                                                     │
│                                                   ││                                                                                     │
│                                                   ││                                                                                     │
│                                                   ││                                                                                     │
│                                                   ││                                                                                     │
│                                                   ││                                                                                     │
│                                                   ││                                                                                     │
│                                                   ││                                                                                     │
│                                                   ││                                                                                     │
│                                                   ││                                                                                     │
│                                                   ││                                                                                     │
│                                                   ││                                                                                     │
│                                                   ││                                                                                     │
└───────────────────────────────────────────────────┘└─────────────────────────────────────────────────────────────────────────────────────┘
Flow: 0 labels, 0 cross-deps │ j/k rows │ h/l cols │ Tab focus │ ]/Esc back
