---
source: src/tui.rs
expression: text
---
bvr 1 Main b Board i Insights | mode=Board | focus=list | issues=3/3 | filter=all |
┌Board Lanes [focus]─────────────────────┐┌Board Focus─────────────────────────────────────────────┐
│                                        ││                                                        │
│ Grouping: status (s cycles) | Empty: A ││ ┌────────────────────────────────────────┐             │
│ Search: /B (n/N cycles)                ││ │  o T B p0                              │             │
│ Matches: 1/1                           ││ │ Dependent                              │             │
│                                        ││ ├────────────────────────────────────────┤             │
│ Lanes (5) | 3 issues total             ││ │ Lane: open                             │             │
│                                        ││ │ Assignee:                              │             │
│ ▸ ┌─ open [2] ██  clear                ││ │ Age: 82d | Updated: 81d ago            │             │
│   │ oT P0 A Root↓1 @alice              ││ │ PR:0.260 Depth:1                       │             │
│   ▶ oT P0 B Dependent⊘1                ││ ├────────────────────────────────────────┤             │
│   └────────────                        ││ │ Depends on A and should report block…  │             │
│                                        ││ └────────────────────────────────────────┘             │
│   ┌─ in_progress [0]   empty           ││                                                        │
│   │ (empty)                            ││ Depends on (1)                                         │
│   └────────────                        ││   o A [OPEN]                                           │
│                                        ││                                                        │
│   ┌─ blocked [0]   empty               ││ Blocked by 1 open issue(s).                            │
│   │ (empty)                            ││                                                        │
│   └────────────                        ││                                                        │
│                                        ││                                                        │
│   ┌─ closed [1] █  clear               ││                                                        │
│   │ xT P0 C Closed                     ││                                                        │
│   └────────────                        ││                                                        │
│                                        ││                                                        │
│   ┌─ other [0]   empty                 ││                                                        │
│                                        ││                                                        │
└────────────────────────────────────────┘└────────────────────────────────────────────────────────┘
Board mode: lane counts, queued IDs, and selected issue delivery context | Tab focus | / search | gr
