---
source: src/tui.rs
expression: text
---
bvr | mode=Labels | focus=list | issues=3/3 | filter=all | sort=default | ? help | Tab focus |
┌Label Health [focus]───────────────────────────────┐┌Label Detail─────────────────────────────────────────────────────────────────────────┐
│                                                   ││                                                                                     │
│ (computing label health...)                       ││ (no data)                                                                           │
│                                                   ││                                                                                     │
│                                                   ││                                                                                     │
│                                                   ││                                                                                     │
│                                                   ││                                                                                     │
│                                                   ││                                                                                     │
│                                                   ││                                                                                     │
│                                                   ││                                                                                     │
│                                                   ││                                                                                     │
│                                                   ││                                                                                     │
│                                                   ││                                                                                     │
│                                                   ││                                                                                     │
│                                                   ││                                                                                     │
│                                                   ││                                                                                     │
│                                                   ││                                                                                     │
│                                                   ││                                                                                     │
│                                                   ││                                                                                     │
│                                                   ││                                                                                     │
│                                                   ││                                                                                     │
│                                                   ││                                                                                     │
│                                                   ││                                                                                     │
│                                                   ││                                                                                     │
│                                                   ││                                                                                     │
│                                                   ││                                                                                     │
│                                                   ││                                                                                     │
└───────────────────────────────────────────────────┘└─────────────────────────────────────────────────────────────────────────────────────┘
Labels: 0 | j/k navigate | Tab focus | [/Esc back
