---
source: src/tui.rs
expression: text
---
bvr 1 Main b Board i Insights | mode=Main | focus=list | issues=3/3 | filter=all |
┌Issues [focus]──────────────────────────┐┌Details─────────────────────────────────────────────────┐
│                                        ││                                                        │
│ Focus: list owns selection, / s…       ││ ────────────────────────────────────────────────       │
│ scope=all | label=any | repo=any | pos ││ Summary  ready to execute                              │
│ Guide: / search-as-you-type | o/c/r/B/ ││ T A  Root  (C copy id)                                 │
│                                        ││ Status: open | Priority: p0 | Type: task | State: read │
│ ▸ #01 ready P0 A Root @alice           ││ Action: Pull now | Downstream impact: 1 | Critical dep │
│   #02 blocked P0 B Dependent ⊘1        ││ Assignee: alice | Repo: viewer | Estimate: 90m  (w rep │
│   #03 closed P0 C Closed               ││ Closed: n/a | Labels: [core] [parity]  (L label filter │
│                                        ││ Created: 2026-01-01 | Updated: 2026-01-02 | Due: n/a   │
│                                        ││                                                        │
│                                        ││ ────────────────────────────────────────────────       │
│                                        ││ Signals  rank and graph pressure                       │
│                                        ││ Depth 2 | k-core 1 | slack 0.0000 | cut-point no       │
│                                        ││ PR ██████ 0.48  BW ░░░░░░ 0.00                         │
│                                        ││ EV ██████ 1.00  blockers=0 | unblocks=1                │
│                                        ││                                                        │
│                                        ││ ────────────────────────────────────────────────       │
│                                        ││ Dependencies  upstream, gates, downstream              │
│                                        ││ Upstream: none                                         │
│                                        ││ Open Gate: none                                        │
│                                        ││ Downstream: B                                          │
│                                        ││                                                        │
│                                        ││                                                        │
│                                        ││                                                        │
│                                        ││                                                        │
│                                        ││                                                        │
└────────────────────────────────────────┘└────────────────────────────────────────────────────────┘
b/i/g/h modes | / search | s default | p hints | C copy | x export | O edit | ^←/→ resize
