---
source: src/tui.rs
expression: text
---
bvr 1 Main b Board i Insights [ Labels | mode=Labels | focus=list | issues=3/3 | filter=all |
┌Label Health [focus]────────────────────┐┌Label Detail────────────────────────────────────────────┐
│                                        ││                                                        │
│ (computing label health...)            ││ (no data)                                              │
│                                        ││                                                        │
│                                        ││                                                        │
│                                        ││                                                        │
│                                        ││                                                        │
│                                        ││                                                        │
│                                        ││                                                        │
│                                        ││                                                        │
│                                        ││                                                        │
│                                        ││                                                        │
│                                        ││                                                        │
│                                        ││                                                        │
│                                        ││                                                        │
│                                        ││                                                        │
│                                        ││                                                        │
│                                        ││                                                        │
│                                        ││                                                        │
│                                        ││                                                        │
│                                        ││                                                        │
│                                        ││                                                        │
│                                        ││                                                        │
│                                        ││                                                        │
│                                        ││                                                        │
│                                        ││                                                        │
│                                        ││                                                        │
└────────────────────────────────────────┘└────────────────────────────────────────────────────────┘
Labels: 0 │ j/k navigate │ Tab focus │ [/Esc back
