---
source: src/tui.rs
expression: text
---
bvr | mode=Tree | focus=list | issues=3/3 | filter=all | sort=default | ? help | Tab focus |
┌Dependency Tree [focus]─────────────────┐┌Issue Detail────────────────────────────────────────────┐
│                                        ││                                                        │
│ (no dependency tree — all issues are i ││ (no node selected)                                     │
│                                        ││                                                        │
│                                        ││                                                        │
│                                        ││                                                        │
│                                        ││                                                        │
│                                        ││                                                        │
│                                        ││                                                        │
│                                        ││                                                        │
│                                        ││                                                        │
│                                        ││                                                        │
│                                        ││                                                        │
│                                        ││                                                        │
│                                        ││                                                        │
│                                        ││                                                        │
│                                        ││                                                        │
│                                        ││                                                        │
│                                        ││                                                        │
│                                        ││                                                        │
│                                        ││                                                        │
│                                        ││                                                        │
│                                        ││                                                        │
│                                        ││                                                        │
│                                        ││                                                        │
│                                        ││                                                        │
│                                        ││                                                        │
└────────────────────────────────────────┘└────────────────────────────────────────────────────────┘
Tree: 0 nodes | j/k navigate | Enter expand/collapse | Tab focus | T/Esc back
