---
source: src/tui.rs
assertion_line: 11912
expression: text
---
bvr | mode=Insights | focus=list | issues=3/3 | filter=all | sort=default | ? help | Tab focus | Esc
┌Insight Queue [focus]───────────────────┐┌Insight Detail──────────────────────────────────────────┐
│                                        ││                                                        │
│ Priority heatmap drill | m toggle | j/ ││ Heatmap: D1-2 x .6-.8 (1 issue(s))                     │
│ Cell: D1-2 x .6-.8 (1 issue(s))        ││ Drill selection: 1/1                                   │
│                                        ││                                                        │
│ > A            p0 Root                 ││ Insights Summary: bottlenecks=2 crit-path=3 cycles=0 c │
│                                        ││                                                        │
│                                        ││ Focus: A (Root)                                        │
│                                        ││ Status: open | Priority: p0                            │
│                                        ││                                                        │
│                                        ││ All Metrics:                                           │
│                                        ││   PageRank:     0.4805                                 │
│                                        ││   Betweenness:  0.0000                                 │
│                                        ││   Eigenvector:  1.0000                                 │
│                                        ││   Hub (HITS):   0.0000                                 │
│                                        ││   Auth (HITS):  1.0000                                 │
│                                        ││   K-core:       1                                      │
│                                        ││   Crit depth:   2                                      │
│                                        ││   Slack:        0.0000                                 │
│                                        ││   Cut point:    no                                     │
│                                        ││                                                        │
│                                        ││ Critical Path Head:                                    │
│                                        ││   - A                                                  │
│                                        ││   - B                                                  │
│                                        ││   - C                                                  │
│                                        ││                                                        │
│                                        ││                                                        │
└────────────────────────────────────────┘└────────────────────────────────────────────────────────┘
Insights [bottlenecks] | s/S panel | e explanations=on | x proof=off
