---
source: src/tui.rs
expression: text
---
bvr 1 Main b Board i Insights t TimeTravel | mode=TimeTravel | focus=list | issues=3/3 | filter=all
┌Diff Categories [focus]─────────────────┐┌Diff Detail─────────────────────────────────────────────┐
│                                        ││                                                        │
│  Enter git ref or file path:           ││                                                        │
│  > HEAD_                               ││                                                        │
│                                        ││                                                        │
│                                        ││                                                        │
│                                        ││                                                        │
│                                        ││                                                        │
│                                        ││                                                        │
│                                        ││                                                        │
│                                        ││                                                        │
│                                        ││                                                        │
│                                        ││                                                        │
│                                        ││                                                        │
│                                        ││                                                        │
│                                        ││                                                        │
│                                        ││                                                        │
│                                        ││                                                        │
│                                        ││                                                        │
│                                        ││                                                        │
│                                        ││                                                        │
│                                        ││                                                        │
│                                        ││                                                        │
│                                        ││                                                        │
│                                        ││                                                        │
│                                        ││                                                        │
│                                        ││                                                        │
└────────────────────────────────────────┘└────────────────────────────────────────────────────────┘
Time-travel: enter git ref or file path | Enter confirm | Esc cancel
