---
source: src/tui.rs
expression: text
---
bvr | mode=Graph | focus=list | issues=3/3 | filter=all | sort=default | ? help | Tab focus | Esc ba
┌Graph Nodes [focus]─────────────────────┐┌Graph Focus─────────────────────────────────────────────┐
│                                        ││                                                        │
│ Nodes (3) by critical-path score | h/l ││ Graph: nodes=3 edges=1 cycles=0 actionable=1           │
│                                        ││ Focus: node 1/3 -> A (Root)                            │
│ > o A            in: 0 out: 1 pr:0.481 ││ Focused edge: list focus (Tab to inspect relationships │
│   o B            in: 1 out: 0 pr:0.260 ││                                                        │
│   x C            in: 0 out: 0 pr:0.260 ││   +---[o T p0]---+                                     │
│                                        ││   | A                 |                                │
│                                        ││   | Root              |                                │
│                                        ││   | up:0 down:1        |                               │
│                                        ││   +-------------------+                                │
│                                        ││         |                                              │
│                                        ││         v                                              │
│                                        ││   ▼ BLOCKS (waiting on this) ▼                         │
│                                        ││     [o] B            Dependent                         │
│                                        ││                                                        │
│                                        ││ GRAPH METRICS                                          │
│                                        ││ Importance:                                            │
│                                        ││   Critical Path         2  ████░░  #1                  │
│                                        ││   PageRank         0.4805  ██████  #1                  │
│                                        ││   Eigenvector      1.0000  ██████  #1                  │
│                                        ││ Flow & Connectivity:                                   │
│                                        ││   Betweenness      0.0000  ░░░░░░  #1                  │
│                                        ││   Hub Score        0.0000  ░░░░░░  #2                  │
│                                        ││   Authority        1.0000  ██████  #1                  │
│                                        ││ Connections:                                           │
│                                        ││                                                        │
└────────────────────────────────────────┘└────────────────────────────────────────────────────────┘
Graph mode: h/l nodes | j/k nodes or edges | H/L jump | Tab node/edge focus | / search | Enter open 
