---
source: src/tui.rs
assertion_line: 11132
expression: text
---
bvr | mode=Main | focus=list | issues=3/3 | filter=all | sort=default | ? help | Tab focus | Esc bac
┌Help──────────────────────────────────────────────────────────────────────────────────────────────┐
│                                                                                                  │
│ [Navigation]                                     | [Search]                                      │
│   j/k          Move selection up/down            |   /            Start search                   │
│   arrows       Move selection up/down            |   n/N          Next/prev search match         │
│   h/l          Lateral nav (lanes, peers)        |   Tab          Cycle search mode (in /)       │
│   Ctrl+d/u     Jump down/up by 10                |   Esc          Cancel search                  │
│   PgUp/PgDn    Jump by 10                        |   Enter        Confirm search                 │
│   Home/End     Jump to top/bottom                |                                               │
│   G            Jump to bottom                    | [Actions]                                     │
│   Tab          Toggle list/detail focus          |   p            Toggle priority hints          │
│   J/K          Navigate deps in detail           |   C            Copy issue ID                  │
│   Enter        Return to main / drill            |   x            Export issue markdown          │
│   scroll       Mouse wheel scrolls list          |   O            Open in editor                 │
│                                                  |   Ctrl+R/F5    Refresh from disk              │
│ [Views]                                          |                                               │
│   b            Toggle board mode                 | [History]                                     │
│   i            Toggle insights mode              |   c            Cycle confidence filter        │
│   g            Toggle graph mode                 |   y            Copy SHA/ID                    │
│   h            Toggle history mode               |   o            Open commit in browser         │
│   !            Toggle attention mode             |   f            Toggle file tree               │
│   T            Toggle tree view                  |                                               │
│   [            Toggle label dashboard            | [Board]                                       │
│   v            History: bead/git toggle          |   1-4          Jump to lane                   │
│                                                  |   H/L          First/last lane                │
│ [Filters]                                        |   0/$          First/last in lane             │
│                                                                                                  │
└──────────────────────────────────────────────────────────────────────────────────────────────────┘
? or Esc close | j/k scroll | Ctrl+d/u page | line 1/37
