---
source: src/tui.rs
assertion_line: 11921
expression: text
---
bvr | mode=Graph | focus=detail | issues=3/3 | filter=all | sort=default | ? help | Tab focus | Esc
┌Graph Nodes─────────────────────────────┐┌Graph Focus [focus]─────────────────────────────────────┐
│                                        ││                                                        │
│ Nodes (3) by critical-path score | h/l ││ Graph: nodes=3 edges=1 cycles=0 actionable=1           │
│                                        ││ Focus: node 2/3 -> B (Dependent)                       │
│   o A            in: 0 out: 1 pr:0.481 ││ Focused edge: depends on [1/1] B -> A (Root)           │
│ > o B            in: 1 out: 0 pr:0.260 ││                                                        │
│   x C            in: 0 out: 0 pr:0.260 ││                   ▲ BLOCKED BY (must complete first) ▲ │
│                                        ││                           ╔══════════════════╗         │
│                                        ││                           ║>[o] A            ║         │
│                                        ││                           ║Root              ║         │
│                                        ││                           ╚══════════════════╝         │
│                                        ││                                    │                   │
│                                        ││                                    │                   │
│                                        ││                                    ▼                   │
│                                        ││                   ╔══════════════════════════════════╗ │
│                                        ││                   ║[o T p0] B                        ║ │
│                                        ││                   ║Dependent                         ║ │
│                                        ││                   ║up:1 down:0                       ║ │
│                                        ││                   ╚══════════════════════════════════╝ │
│                                        ││                                                        │
│                                        ││ GRAPH METRICS                                          │
│                                        ││ Importance:                                            │
│                                        ││   Critical Path         1  ███░░░  #2                  │
│                                        ││   PageRank         0.2597  ███░░░  #2                  │
│                                        ││   Eigenvector      0.0000  ░░░░░░  #2                  │
│                                        ││ Flow & Connectivity:                                   │
│                                        ││                                                        │
└────────────────────────────────────────┘└────────────────────────────────────────────────────────┘
Graph mode: h/l nodes | j/k nodes or edges | H/L jump | Tab node/edge focus | / search | Enter open
