---
source: src/tui.rs
expression: text
---
bvr Sprint | 3/3 | all
┌Sprints [focus]────┐┌Sprint Detail────────────────────────┐
│                   ││                                     │
│  No sprints found ││  Select a sprint from the list.     │
│                   ││                                     │
│  Sprints are defi ││                                     │
│  Each line: {"id" ││                                     │
│  "start_date":".. ││                                     │
│                   ││                                     │
│                   ││                                     │
│                   ││                                     │
│                   ││                                     │
│                   ││                                     │
│                   ││                                     │
│                   ││                                     │
│                   ││                                     │
│                   ││                                     │
│                   ││                                     │
│                   ││                                     │
│                   ││                                     │
│                   ││                                     │
│                   ││                                     │
│                   ││                                     │
│                   ││                                     │
│                   ││                                     │
│                   ││                                     │
│                   ││                                     │
│                   ││                                     │
└───────────────────┘└─────────────────────────────────────┘
Sprint: 0 sprint(s) | j/k navigate | Tab focus | S/Esc back
