---
source: src/tui.rs
expression: text
---
bvr 1 Main b Board i Insights g Graph | mode=Graph | focus=detail | issues=3/3 | filter=all |
┌Graph Nodes─────────────────────────────┐┌Graph Focus [focus]─────────────────────────────────────┐
│                                        ││                                                        │
│ Nodes  3 by critical-path score | h/l  ││ Graph: nodes=3 edges=1 cycles=0 actionable=1           │
│ ────────────────────────────────────── ││ Focus: node 2/3 -> B (Dependent)                       │
│   A PR ██████ 0.48 ↓1 Root             ││ Focused edge: depends on [1/1] B -> A (Root)           │
│ ▸ B PR ███░░░ 0.26 ⊘1 Depende…         ││                                                        │
│   C PR ███░░░ 0.26 Closed              ││                   ▲ BLOCKED BY (must complete first) ▲ │
│                                        ││                           ╔══════════════════╗         │
│                                        ││                           ║>[o] A            ║         │
│                                        ││                           ║Root              ║         │
│                                        ││                           ╚══════════════════╝         │
│                                        ││                                    │                   │
│                                        ││                                    │                   │
│                                        ││                                    ▼                   │
│                                        ││                   ╔══════════════════════════════════╗ │
│                                        ││                   ║[o T p0] B                        ║ │
│                                        ││                   ║Dependent                         ║ │
│                                        ││                   ║up:1 down:0                       ║ │
│                                        ││                   ╚══════════════════════════════════╝ │
│                                        ││                                                        │
│                                        ││ GRAPH METRICS                                          │
│                                        ││ Importance:                                            │
│                                        ││   Critical Path         1  ███░░░  #2                  │
│                                        ││   PageRank         0.2597  ███░░░  #2                  │
│                                        ││   Eigenvector      0.0000  ░░░░░░  #2                  │
│                                        ││ Flow & Connectivity:                                   │
│                                        ││                                                        │
└────────────────────────────────────────┘└────────────────────────────────────────────────────────┘
h/Tab list │ Enter open details │ j/k deps │ ^j/k scroll │ g/Esc back │ ^←/→ resize
