---
source: src/tui.rs
expression: artifact
---
=== E2E Journey: empty-data-edge-case | 100x30 ===

--- Step 1: empty_main ---
bvr 1 Main b Board i Insights | mode=Main | focus=list | issues=0/0 | filter=all |
┌Issues [focus]──────────────────────────┐┌Details─────────────────────────────────────────────────┐
│                                        ││                                                        │
│ Focus: list owns selection, / s…       ││ No issues to display. Create or load a .beads/*.jsonl  │
│ scope=all | label=any | repo=any | pos ││                                                        │
│ Guide: / search-as-you-type | o/c/r/B/ ││                                                        │
│                                        ││                                                        │
│ No issues in the current triage slice  ││                                                        │
│ Scope: filter=all                      ││                                                        │
│ Recover: a all | o open | I in-progres ││                                                        │
│                                        ││                                                        │
│                                        ││                                                        │
│                                        ││                                                        │
│                                        ││                                                        │
│                                        ││                                                        │
│                                        ││                                                        │
│                                        ││                                                        │
│                                        ││                                                        │
│                                        ││                                                        │
│                                        ││                                                        │
│                                        ││                                                        │
│                                        ││                                                        │
│                                        ││                                                        │
│                                        ││                                                        │
│                                        ││                                                        │
│                                        ││                                                        │
│                                        ││                                                        │
│                                        ││                                                        │
└────────────────────────────────────────┘└────────────────────────────────────────────────────────┘
b/i/g/h modes | / search | s default | p hints | C copy | x export | O edit | ^←/→ resize

--- Step 2: empty_board ---
bvr 1 Main b Board i Insights | mode=Board | focus=list | issues=0/0 | filter=all |
┌Board Lanes [focus]─────────────────────┐┌Board Focus─────────────────────────────────────────────┐
│                                        ││                                                        │
│ (no issues loaded)                     ││ No issues to display in board mode.                    │
│                                        ││                                                        │
│                                        ││                                                        │
│                                        ││                                                        │
│                                        ││                                                        │
│                                        ││                                                        │
│                                        ││                                                        │
│                                        ││                                                        │
│                                        ││                                                        │
│                                        ││                                                        │
│                                        ││                                                        │
│                                        ││                                                        │
│                                        ││                                                        │
│                                        ││                                                        │
│                                        ││                                                        │
│                                        ││                                                        │
│                                        ││                                                        │
│                                        ││                                                        │
│                                        ││                                                        │
│                                        ││                                                        │
│                                        ││                                                        │
│                                        ││                                                        │
│                                        ││                                                        │
│                                        ││                                                        │
│                                        ││                                                        │
└────────────────────────────────────────┘└────────────────────────────────────────────────────────┘
Board mode: lane counts, queued IDs, and selected issue delivery context | grouping=status (s cycles

--- Step 3: empty_graph ---
bvr 1 Main b Board i Insights g Graph | mode=Graph | focus=list | issues=0/0 | filter=all |
┌Graph Nodes [focus]─────────────────────┐┌Graph Focus─────────────────────────────────────────────┐
│                                        ││                                                        │
│ (no issues match filter: all)          ││ No graph data available.                               │
│                                        ││                                                        │
│                                        ││                                                        │
│                                        ││                                                        │
│                                        ││                                                        │
│                                        ││                                                        │
│                                        ││                                                        │
│                                        ││                                                        │
│                                        ││                                                        │
│                                        ││                                                        │
│                                        ││                                                        │
│                                        ││                                                        │
│                                        ││                                                        │
│                                        ││                                                        │
│                                        ││                                                        │
│                                        ││                                                        │
│                                        ││                                                        │
│                                        ││                                                        │
│                                        ││                                                        │
│                                        ││                                                        │
│                                        ││                                                        │
│                                        ││                                                        │
│                                        ││                                                        │
│                                        ││                                                        │
│                                        ││                                                        │
└────────────────────────────────────────┘└────────────────────────────────────────────────────────┘
h/l nodes | j/k nodes | H/L jump | Tab detail | / search | Enter open details | g/Esc back

--- Step 4: empty_insights ---
bvr 1 Main b Board i Insights | mode=Insights | focus=list | issues=0/0 | filter=all |
┌Insight Queue [focus]───────────────────┐┌Insight Detail──────────────────────────────────────────┐
│                                        ││                                                        │
│ (no issues loaded)                     ││ No insights available.                                 │
│                                        ││                                                        │
│                                        ││                                                        │
│                                        ││                                                        │
│                                        ││                                                        │
│                                        ││                                                        │
│                                        ││                                                        │
│                                        ││                                                        │
│                                        ││                                                        │
│                                        ││                                                        │
│                                        ││                                                        │
│                                        ││                                                        │
│                                        ││                                                        │
│                                        ││                                                        │
│                                        ││                                                        │
│                                        ││                                                        │
│                                        ││                                                        │
│                                        ││                                                        │
│                                        ││                                                        │
│                                        ││                                                        │
│                                        ││                                                        │
│                                        ││                                                        │
│                                        ││                                                        │
│                                        ││                                                        │
│                                        ││                                                        │
└────────────────────────────────────────┘└────────────────────────────────────────────────────────┘
Insights [bottlenecks] | s/S panel | e explanations=on | x proof=off

--- Step 5: empty_actionable ---
bvr 1 Main b Board i Insights a Actionable | mode=Actionable | focus=list | issues=0/0 | filter=all
┌Execution Tracks [focus]────────────────┐┌Track Detail────────────────────────────────────────────┐
│                                        ││                                                        │
│ (no issues loaded)                     ││ (no track selected)                                    │
│                                        ││                                                        │
│                                        ││                                                        │
│                                        ││                                                        │
│                                        ││                                                        │
│                                        ││                                                        │
│                                        ││                                                        │
│                                        ││                                                        │
│                                        ││                                                        │
│                                        ││                                                        │
│                                        ││                                                        │
│                                        ││                                                        │
│                                        ││                                                        │
│                                        ││                                                        │
│                                        ││                                                        │
│                                        ││                                                        │
│                                        ││                                                        │
│                                        ││                                                        │
│                                        ││                                                        │
│                                        ││                                                        │
│                                        ││                                                        │
│                                        ││                                                        │
│                                        ││                                                        │
│                                        ││                                                        │
│                                        ││                                                        │
└────────────────────────────────────────┘└────────────────────────────────────────────────────────┘
Actionable: 0 tracks, 0 items | j/k navigate | Tab focus | a/Esc back

--- Step 6: empty_tree ---
bvr 1 Main b Board i Insights T Tree | mode=Tree | focus=list | issues=0/0 | filter=all |
┌Dependency Tree [focus]─────────────────┐┌Issue Detail────────────────────────────────────────────┐
│                                        ││                                                        │
│ (no issues loaded)                     ││ (no node selected)                                     │
│                                        ││                                                        │
│                                        ││                                                        │
│                                        ││                                                        │
│                                        ││                                                        │
│                                        ││                                                        │
│                                        ││                                                        │
│                                        ││                                                        │
│                                        ││                                                        │
│                                        ││                                                        │
│                                        ││                                                        │
│                                        ││                                                        │
│                                        ││                                                        │
│                                        ││                                                        │
│                                        ││                                                        │
│                                        ││                                                        │
│                                        ││                                                        │
│                                        ││                                                        │
│                                        ││                                                        │
│                                        ││                                                        │
│                                        ││                                                        │
│                                        ││                                                        │
│                                        ││                                                        │
│                                        ││                                                        │
│                                        ││                                                        │
└────────────────────────────────────────┘└────────────────────────────────────────────────────────┘
Tree: 0 nodes | j/k navigate | Enter expand/collapse | Tab focus | T/Esc back

--- Step 7: empty_main_return ---
bvr 1 Main b Board i Insights | mode=Main | focus=list | issues=0/0 | filter=all |
┌Issues [focus]──────────────────────────┐┌Details─────────────────────────────────────────────────┐
│                                        ││                                                        │
│ Focus: list owns selection, / s…       ││ No issues to display. Create or load a .beads/*.jsonl  │
│ scope=all | label=any | repo=any | pos ││                                                        │
│ Guide: / search-as-you-type | o/c/r/B/ ││                                                        │
│                                        ││                                                        │
│ No issues in the current triage slice  ││                                                        │
│ Scope: filter=all                      ││                                                        │
│ Recover: a all | o open | I in-progres ││                                                        │
│                                        ││                                                        │
│                                        ││                                                        │
│                                        ││                                                        │
│                                        ││                                                        │
│                                        ││                                                        │
│                                        ││                                                        │
│                                        ││                                                        │
│                                        ││                                                        │
│                                        ││                                                        │
│                                        ││                                                        │
│                                        ││                                                        │
│                                        ││                                                        │
│                                        ││                                                        │
│                                        ││                                                        │
│                                        ││                                                        │
│                                        ││                                                        │
│                                        ││                                                        │
│                                        ││                                                        │
└────────────────────────────────────────┘└────────────────────────────────────────────────────────┘
b/i/g/h modes | / search | s default | p hints | C copy | x export | O edit | ^←/→ resize
