---
source: src/tui.rs
expression: text
---
bvr 1 Main b Board i In g Graph h Hist ] Flow  | 3/3 | all
┌Flow Matrix [focus]┐┌Flow Detail──────────────────────────┐
│                   ││                                     │
│ (computing flow m ││ (no flow data)                      │
│                   ││                                     │
│                   ││                                     │
│                   ││                                     │
│                   ││                                     │
│                   ││                                     │
│                   ││                                     │
│                   ││                                     │
│                   ││                                     │
│                   ││                                     │
│                   ││                                     │
│                   ││                                     │
│                   ││                                     │
│                   ││                                     │
│                   ││                                     │
│                   ││                                     │
│                   ││                                     │
│                   ││                                     │
│                   ││                                     │
│                   ││                                     │
│                   ││                                     │
│                   ││                                     │
│                   ││                                     │
│                   ││                                     │
│                   ││                                     │
└───────────────────┘└─────────────────────────────────────┘
Flow: 0 labels, 0 cross-deps | j/k rows | h/l cols | Tab foc
