---
source: src/tui.rs
expression: text
---
bvr 1 Main b Board i In g Graph h Hist  | 3/3 | all
┌Beads With History ┐┌Commit Details───────────────────────┐
│                   ││                                     │
│ Bead history list ││ History Summary: beads=3 closed-lik │
│                   ││                                     │
│ ▸ oT A            ││ Issue: A (Root)                     │
│   oT B            ││ Status: open                        │
│   xT C            ││ Min confidence filter: >= 0%        │
│                   ││ Created/Updated/Closed: 2026-01-01  │
│                   ││                                     │
│                   ││ LIFECYCLE:                          │
│                   ││   │ + created    2026-01-01T00:00:0 │
│                   ││   └ . updated    2026-01-02T00:00:0 │
│                   ││                                     │
│                   ││ Enter: backtrace selected commit |  │
│                   ││ y: copy bead ID | f: file tree      │
│                   ││                                     │
│                   ││                                     │
│                   ││                                     │
│                   ││                                     │
│                   ││                                     │
│                   ││                                     │
│                   ││                                     │
│                   ││                                     │
│                   ││                                     │
│                   ││                                     │
│                   ││                                     │
│                   ││                                     │
└───────────────────┘└─────────────────────────────────────┘
c confidence >= 0% │ v bead/git │ / search │ Tab mode
