---
source: src/tui.rs
expression: text
---
bvr Main | 3/3 | all
┌Issues [focus]─────┐┌Details──────────────────────────────┐
│                   ││                                     │
│ ▸ T ●open P0 A ↓1 ││ T A  Root  (C copy id)              │
│   T ●open P0 B ⊘1 ││ Status: open | Priority: p0 | Type: │
│   T ✔done P0 C Cl ││ Assignee: alice | Repo: viewer | Es │
│                   ││ Created: 2026-01-01 | Updated: 2026 │
│                   ││ Closed: n/a | Labels: [core] [parit │
│                   ││                                     │
│                   ││ Triage Snapshot:                    │
│                   ││   open blockers: 0 (none)           │
│                   ││   unblocks: 1 (B)                   │
│                   ││   dependency pressure: 0 upstream | │
│                   ││                                     │
│                   ││ Graph Signals:                      │
│                   ││   Critical depth: 2 | k-core: 1 | s │
│                   ││   PageRank:       0.4805  ██████  # │
│                   ││   Betweenness:    0.0000  ░░░░░░  # │
│                   ││   Eigenvector:    1.0000  ██████  # │
│                   ││   HITS: hub 0.0000 ░░░░░░ #2 | auth │
│                   ││                                     │
│                   ││ Description:                        │
│                   ││   Top-level issue that unblocks dow │
│                   ││                                     │
│                   ││ Design Notes:                       │
│                   ││   Keep the main flow lean, surface  │
│                   ││                                     │
│                   ││                                     │
└───────────────────┘└─────────────────────────────────────┘
b/i/g/h modes | / search | s default | p hints | C copy
