---
source: src/tui.rs
expression: text
---
bvr 1 Main b Board i In g Graph h Hist [ Lbl  | 3/3 | all
┌Label Health [focus┐┌Label Detail─────────────────────────┐
│                   ││                                     │
│ (computing label  ││ (no data)                           │
│                   ││                                     │
│                   ││                                     │
│                   ││                                     │
│                   ││                                     │
│                   ││                                     │
│                   ││                                     │
│                   ││                                     │
│                   ││                                     │
│                   ││                                     │
│                   ││                                     │
│                   ││                                     │
│                   ││                                     │
│                   ││                                     │
│                   ││                                     │
│                   ││                                     │
│                   ││                                     │
│                   ││                                     │
│                   ││                                     │
│                   ││                                     │
│                   ││                                     │
│                   ││                                     │
│                   ││                                     │
│                   ││                                     │
│                   ││                                     │
└───────────────────┘└─────────────────────────────────────┘
Labels: 0 │ j/k navigate │ Tab focus │ [/Esc back
