---
source: src/tui.rs
expression: text
---
bvr Tree | 3/3 | all
┌Dependency Tree [fo┐┌Issue Detail─────────────────────────┐
│                   ││                                     │
│ (no dependency tr ││ (no node selected)                  │
│                   ││                                     │
│                   ││                                     │
│                   ││                                     │
│                   ││                                     │
│                   ││                                     │
│                   ││                                     │
│                   ││                                     │
│                   ││                                     │
│                   ││                                     │
│                   ││                                     │
│                   ││                                     │
│                   ││                                     │
│                   ││                                     │
│                   ││                                     │
│                   ││                                     │
│                   ││                                     │
│                   ││                                     │
│                   ││                                     │
│                   ││                                     │
│                   ││                                     │
│                   ││                                     │
│                   ││                                     │
│                   ││                                     │
│                   ││                                     │
└───────────────────┘└─────────────────────────────────────┘
Tree: 0 nodes | j/k navigate | Enter expand/collapse | Tab f
