---
source: src/tui.rs
expression: artifact
---
=== E2E Journey: history-deep-dive | 120x35 ===

--- Step 1: history_entry ---
bvr 1 Main b Board i Insights g Graph h History | mode=History ◈ Beads | focus=list | issues=3/3 | filter=all | sort=def
┌Beads With History [focus]────────┐┌Commits─────────────────────────────────┐┌Commit Details──────────────────────────┐
│                                  ││                                        ││                                        │
│ Bead history list (3 beads) | v  ││ No commits correlated with A.          ││ History Summary: beads=3 closed-like=1 │
│                                  ││                                        ││                                        │
│ > A            events: 2 open    ││                                        ││ Issue: A (Root)                        │
│   B            events: 3 open    ││                                        ││ Status: open                           │
│   C            events: 3 closed  ││                                        ││ Min confidence filter: >= 0%           │
│                                  ││                                        ││ Created/Updated/Closed: 2026-01-01 / 2 │
│                                  ││                                        ││                                        │
│                                  ││                                        ││ Timeline:                              │
│                                  ││                                        ││   (no timeline data)                   │
│                                  ││                                        ││                                        │
│                                  ││                                        ││ LIFECYCLE:                             │
│                                  ││                                        ││   (no events)                          │
│                                  ││                                        ││                                        │
│                                  ││                                        ││ v: switch to git timeline | J/K: cycle │
│                                  ││                                        ││ y: copy bead ID | f: file tree         │
│                                  ││                                        ││                                        │
│                                  ││                                        ││                                        │
│                                  ││                                        ││                                        │
│                                  ││                                        ││                                        │
│                                  ││                                        ││                                        │
│                                  ││                                        ││                                        │
│                                  ││                                        ││                                        │
│                                  ││                                        ││                                        │
│                                  ││                                        ││                                        │
│                                  ││                                        ││                                        │
│                                  ││                                        ││                                        │
│                                  ││                                        ││                                        │
│                                  ││                                        ││                                        │
│                                  ││                                        ││                                        │
│                                  ││                                        ││                                        │
└──────────────────────────────────┘└────────────────────────────────────────┘└────────────────────────────────────────┘
c confidence >= 0% | v bead/git | / search | Tab mode | y copy | f file-tree | h/Esc back | ^←/→ resize

--- Step 2: history_bead_nav ---
bvr 1 Main b Board i Insights g Graph h History | mode=History ◈ Beads | focus=list | issues=3/3 | filter=all | sort=def
┌Beads With History [focus]────────┐┌Commits─────────────────────────────────┐┌Commit Details──────────────────────────┐
│                                  ││                                        ││                                        │
│ Bead history list (3 beads) | v  ││ 1 commit(s) for B                      ││ History Summary: beads=3 closed-like=1 │
│                                  ││                                        ││                                        │
│   A            events: 2 open    ││   d50d5c0  75% feat(tui): add InPr…    ││ Issue: B (Dependent)                   │
│ > B            events: 3 open    ││                                        ││ Status: open                           │
│   C            events: 3 closed  ││                                        ││ Min confidence filter: >= 0%           │
│                                  ││                                        ││ Created/Updated/Closed: 2026-01-03 / 2 │
│                                  ││                                        ││                                        │
│                                  ││                                        ││ Timeline:                              │
│                                  ││                                        ││   ○──├  1 commit                       │
│                                  ││                                        ││                                        │
│                                  ││                                        ││ Milestones:                            │
│                                  ││                                        ││   Created:  2026-03-23T06:14:45Z by Di │
│                                  ││                                        ││ Last author: Dicklesworthstone         │
│                                  ││                                        ││                                        │
│                                  ││                                        ││ LIFECYCLE (1)                          │
│                                  ││                                        ││   └ 🆕 2m ago  DI                      │
│                                  ││                                        ││                                        │
│                                  ││                                        ││ COMMIT DETAILS (1/1):                  │
│                                  ││                                        ││   F d50d5c0  2026-03-23T06:14:45Z      │
│                                  ││                                        ││   [D] Dicklesworthstone <jeff141421@gm │
│                                  ││                                        ││   feat(tui): add InProgress and Blocke │
│                                  ││                                        ││   75% confidence (explicit_id)         │
│                                  ││                                        ││   Reason: Commit message references be │
│                                  ││                                        ││   1 file(s) +0/-0                      │
│                                  ││                                        ││     ~ src/tui.rs                       │
│                                  ││                                        ││                                        │
│                                  ││                                        ││ v: switch to git timeline | J/K: cycle │
│                                  ││                                        ││ y: copy bead ID | o: open commit | f:  │
│                                  ││                                        ││                                        │
│                                  ││                                        ││                                        │
└──────────────────────────────────┘└────────────────────────────────────────┘└────────────────────────────────────────┘
c confidence >= 0% | v bead/git | / search | Tab mode | y copy | o open commit | f file-tree | h/Esc back | ^←/→ resize

--- Step 3: history_git_mode ---
bvr 1 Main b Board i Insights g Graph h History | mode=History ◉ Git | focus=list | issues=3/3 | filter=all | sort=defau
┌Commits [focus]───────────────────┐┌Related Beads───────────────────────────┐┌Commit Details──────────────────────────┐
│                                  ││                                        ││                                        │
│ Git commits (1/250 correlated) | ││ 1 related bead(s) for d50d5c0          ││ Commit 1/1 | confidence >= 0%          │
│ Min confidence: >= 0%            ││                                        ││                                        │
│                                  ││   [o] B        Dependent               ││ COMMIT DETAILS:                        │
│ > d50d5c0 B        feat(tui): ad ││                                        ││   SHA: d50d5c0d32fec65f6a66b9547eef6ee │
│                                  ││                                        ││   [D] Dicklesworthstone <jeff141421@gm │
│                                  ││                                        ││   Date: 2026-03-23T06:14:45Z           │
│                                  ││                                        ││   F feat(tui): add InProgress and Bloc │
│                                  ││                                        ││   Files: 1 changed +0/-0               │
│                                  ││                                        ││     ~ src/tui.rs                       │
│                                  ││                                        ││                                        │
│                                  ││                                        ││ RELATED BEADS:                         │
│                                  ││                                        ││   [o] B (75%) Dependent                │
│                                  ││                                        ││                                        │
│                                  ││                                        ││ Enter: jump to related bead | J/K: cyc │
│                                  ││                                        ││ v: switch to bead timeline | c: cycle  │
│                                  ││                                        ││ y: copy SHA | o: open in browser | f:  │
│                                  ││                                        ││                                        │
│                                  ││                                        ││ Browser Link: open selected commit (o  │
│                                  ││                                        ││                                        │
│                                  ││                                        ││                                        │
│                                  ││                                        ││                                        │
│                                  ││                                        ││                                        │
│                                  ││                                        ││                                        │
│                                  ││                                        ││                                        │
│                                  ││                                        ││                                        │
│                                  ││                                        ││                                        │
│                                  ││                                        ││                                        │
│                                  ││                                        ││                                        │
│                                  ││                                        ││                                        │
│                                  ││                                        ││                                        │
└──────────────────────────────────┘└────────────────────────────────────────┘└────────────────────────────────────────┘
c confidence >= 0% | v bead/git | / search | Tab mode | y copy | o open commit | f file-tree | h/Esc back | ^←/→ resize

--- Step 4: history_search ---
bvr 1 Main b Board i Insights g Graph h History | mode=History ◉ Git | focus=list | issues=3/3 | filter=all | sort=defau
┌Commits [focus]───────────────────┐┌Related Beads───────────────────────────┐┌Commit Details──────────────────────────┐
│                                  ││                                        ││                                        │
│ (no commits match search: /test) ││ Select a commit to view related beads. ││ No correlated git commits available.   │
│                                  ││                                        ││                                        │
│                                  ││                                        ││ Browser Link: open selected commit (o  │
│                                  ││                                        ││                                        │
│                                  ││                                        ││                                        │
│                                  ││                                        ││                                        │
│                                  ││                                        ││                                        │
│                                  ││                                        ││                                        │
│                                  ││                                        ││                                        │
│                                  ││                                        ││                                        │
│                                  ││                                        ││                                        │
│                                  ││                                        ││                                        │
│                                  ││                                        ││                                        │
│                                  ││                                        ││                                        │
│                                  ││                                        ││                                        │
│                                  ││                                        ││                                        │
│                                  ││                                        ││                                        │
│                                  ││                                        ││                                        │
│                                  ││                                        ││                                        │
│                                  ││                                        ││                                        │
│                                  ││                                        ││                                        │
│                                  ││                                        ││                                        │
│                                  ││                                        ││                                        │
│                                  ││                                        ││                                        │
│                                  ││                                        ││                                        │
│                                  ││                                        ││                                        │
│                                  ││                                        ││                                        │
│                                  ││                                        ││                                        │
│                                  ││                                        ││                                        │
│                                  ││                                        ││                                        │
└──────────────────────────────────┘└────────────────────────────────────────┘└────────────────────────────────────────┘
c confidence >= 0% | v bead/git | / search | Tab mode | y copy | o open commit | f file-tree | h/Esc back | ^←/→ resize

--- Step 5: history_bead_return ---
bvr 1 Main b Board i Insights g Graph h History | mode=History ◈ Beads | focus=list | issues=3/3 | filter=all | sort=def
┌Beads With History [focus]────────┐┌Commits─────────────────────────────────┐┌Commit Details──────────────────────────┐
│                                  ││                                        ││                                        │
│ (no issues match history search: ││ Select a bead to view correlated commi ││ No issues match the active filter (all │
│                                  ││                                        ││                                        │
│                                  ││                                        ││                                        │
│                                  ││                                        ││                                        │
│                                  ││                                        ││                                        │
│                                  ││                                        ││                                        │
│                                  ││                                        ││                                        │
│                                  ││                                        ││                                        │
│                                  ││                                        ││                                        │
│                                  ││                                        ││                                        │
│                                  ││                                        ││                                        │
│                                  ││                                        ││                                        │
│                                  ││                                        ││                                        │
│                                  ││                                        ││                                        │
│                                  ││                                        ││                                        │
│                                  ││                                        ││                                        │
│                                  ││                                        ││                                        │
│                                  ││                                        ││                                        │
│                                  ││                                        ││                                        │
│                                  ││                                        ││                                        │
│                                  ││                                        ││                                        │
│                                  ││                                        ││                                        │
│                                  ││                                        ││                                        │
│                                  ││                                        ││                                        │
│                                  ││                                        ││                                        │
│                                  ││                                        ││                                        │
│                                  ││                                        ││                                        │
│                                  ││                                        ││                                        │
│                                  ││                                        ││                                        │
│                                  ││                                        ││                                        │
└──────────────────────────────────┘└────────────────────────────────────────┘└────────────────────────────────────────┘
c confidence >= 0% | v bead/git | / search | Tab mode | y copy | f file-tree | h/Esc back | ^←/→ resize

--- Step 6: history_middle_focus ---
bvr 1 Main b Board i Insights g Graph h History | mode=History ◈ Beads | focus=middle | issues=3/3 | filter=all | sort=d
┌Beads With History────────────────┐┌Commits [focus]─────────────────────────┐┌Commit Details──────────────────────────┐
│                                  ││                                        ││                                        │
│ (no issues match history search: ││ Select a bead to view correlated commi ││ No issues match the active filter (all │
│                                  ││                                        ││                                        │
│                                  ││                                        ││                                        │
│                                  ││                                        ││                                        │
│                                  ││                                        ││                                        │
│                                  ││                                        ││                                        │
│                                  ││                                        ││                                        │
│                                  ││                                        ││                                        │
│                                  ││                                        ││                                        │
│                                  ││                                        ││                                        │
│                                  ││                                        ││                                        │
│                                  ││                                        ││                                        │
│                                  ││                                        ││                                        │
│                                  ││                                        ││                                        │
│                                  ││                                        ││                                        │
│                                  ││                                        ││                                        │
│                                  ││                                        ││                                        │
│                                  ││                                        ││                                        │
│                                  ││                                        ││                                        │
│                                  ││                                        ││                                        │
│                                  ││                                        ││                                        │
│                                  ││                                        ││                                        │
│                                  ││                                        ││                                        │
│                                  ││                                        ││                                        │
│                                  ││                                        ││                                        │
│                                  ││                                        ││                                        │
│                                  ││                                        ││                                        │
│                                  ││                                        ││                                        │
│                                  ││                                        ││                                        │
│                                  ││                                        ││                                        │
└──────────────────────────────────┘└────────────────────────────────────────┘└────────────────────────────────────────┘
c confidence >= 0% | v bead/git | / search | Tab mode | y copy | f file-tree | h/Esc back | ^←/→ resize

--- Step 7: history_detail_focus ---
bvr 1 Main b Board i Insights g Graph h History | mode=History ◈ Beads | focus=detail | issues=3/3 | filter=all | sort=d
┌Beads With History────────────────┐┌Commits─────────────────────────────────┐┌Commit Details [focus]──────────────────┐
│                                  ││                                        ││                                        │
│ (no issues match history search: ││ Select a bead to view correlated commi ││ No issues match the active filter (all │
│                                  ││                                        ││                                        │
│                                  ││                                        ││                                        │
│                                  ││                                        ││                                        │
│                                  ││                                        ││                                        │
│                                  ││                                        ││                                        │
│                                  ││                                        ││                                        │
│                                  ││                                        ││                                        │
│                                  ││                                        ││                                        │
│                                  ││                                        ││                                        │
│                                  ││                                        ││                                        │
│                                  ││                                        ││                                        │
│                                  ││                                        ││                                        │
│                                  ││                                        ││                                        │
│                                  ││                                        ││                                        │
│                                  ││                                        ││                                        │
│                                  ││                                        ││                                        │
│                                  ││                                        ││                                        │
│                                  ││                                        ││                                        │
│                                  ││                                        ││                                        │
│                                  ││                                        ││                                        │
│                                  ││                                        ││                                        │
│                                  ││                                        ││                                        │
│                                  ││                                        ││                                        │
│                                  ││                                        ││                                        │
│                                  ││                                        ││                                        │
│                                  ││                                        ││                                        │
│                                  ││                                        ││                                        │
│                                  ││                                        ││                                        │
│                                  ││                                        ││                                        │
└──────────────────────────────────┘└────────────────────────────────────────┘└────────────────────────────────────────┘
c confidence >= 0% | v bead/git | / search | Tab mode | y copy | f file-tree | h/Esc back | ^←/→ resize

--- Step 8: main_after_history ---
bvr 1 Main b Board i Insights g Graph h History | mode=Main | focus=list | issues=3/3 | filter=all | sort=default |
┌Issues [focus]──────────────────────────────┐┌Details─────────────────────────────────────────────────────────────────┐
│                                            ││                                                                        │
│ Focus: list owns selection, / s…           ││ ────────────────────────────────────────────────                       │
│ scope=all | label=any | repo=any | search= ││ Summary  ready to execute                                              │
│ Guide: / search-as-you-type | o/c/r/B/I qu ││ T A  Root  (C copy id)                                                 │
│                                            ││ Status: open | Priority: p0 | Type: task | State: ready                │
│ ▸ #01 ready P0 A Root @alice               ││ Action: Pull now | Downstream impact: 1 | Critical depth: 2            │
│   #02 blocked P0 B Dependent ⊘1            ││ Assignee: alice | Repo: viewer | Estimate: 90m  (w repo filter)        │
│   #03 closed P0 C Closed                   ││ Closed: n/a | Labels: [core] [parity]  (L label filter)                │
│                                            ││ Created: 2026-01-01 | Updated: 2026-01-02 | Due: n/a  (t time-travel)  │
│                                            ││                                                                        │
│                                            ││ ────────────────────────────────────────────────                       │
│                                            ││ Signals  rank and graph pressure                                       │
│                                            ││ Depth 2 | k-core 1 | slack 0.0000 | cut-point no                       │
│                                            ││ PR ██████ 0.48  BW ░░░░░░ 0.00                                         │
│                                            ││ EV ██████ 1.00  blockers=0 | unblocks=1                                │
│                                            ││                                                                        │
│                                            ││ ────────────────────────────────────────────────                       │
│                                            ││ Dependencies  upstream, gates, downstream                              │
│                                            ││ Upstream: none                                                         │
│                                            ││ Open Gate: none                                                        │
│                                            ││ Downstream: B                                                          │
│                                            ││                                                                        │
│                                            ││                                                                        │
│                                            ││                                                                        │
│                                            ││                                                                        │
│                                            ││ ────────────────────────────────────────────────                       │
│                                            ││ Description                                                            │
│                                            ││   Top-level issue that unblocks downstream work once the shared baseli │
│                                            ││                                                                        │
│                                            ││                                                                        │
│                                            ││                                                                        │
└────────────────────────────────────────────┘└────────────────────────────────────────────────────────────────────────┘
b/i/g/h modes | / search | s default | p hints | C copy | x export | O edit | ^←/→ resize | ^0 reset split
