---
source: src/tui.rs
expression: text
---
bvr 1 Main b Board i In g Graph h Hist  | 3/3 | all
┌Issues [focus]─────┐┌Details──────────────────────────────┐
│                   ││                                     │
│ Focus: list owns  ││ ─────────────────────────────────── │
│ scope=all | label ││ Summary  ready to execute           │
│ Guide: / search-a ││ T A  Root  (C copy id)              │
│                   ││ Status: open | Priority: p0 | Type: │
│ ▸ #01 ready P0 A  ││ Action: Pull now | Downstream impac │
│   #02 blocked P0  ││ Assignee: alice | Repo: viewer | Es │
│   #03 closed P0 C ││ Closed: n/a | Labels: [core] [parit │
│                   ││ Created: 2026-01-01 | Updated: 2026 │
│                   ││                                     │
│                   ││ ─────────────────────────────────── │
│                   ││ Signals  rank and graph pressure    │
│                   ││ Depth 2 | k-core 1 | slack 0.0000 | │
│                   ││ PR ██████ 0.48  BW ░░░░░░ 0.00      │
│                   ││ EV ██████ 1.00  blockers=0 | unbloc │
│                   ││                                     │
│                   ││ ─────────────────────────────────── │
│                   ││ Dependencies  upstream, gates, down │
│                   ││ Upstream: none                      │
│                   ││ Open Gate: none                     │
│                   ││ Downstream: B                       │
│                   ││                                     │
│                   ││                                     │
│                   ││                                     │
│                   ││                                     │
│                   ││                                     │
└───────────────────┘└─────────────────────────────────────┘
b/i/g/h modes | / search | s default | p hints | C copy
