---
source: src/tui.rs
expression: text
---
bvr | mode=Sprint | focus=list | issues=3/3 | filter=all | sort=default | ? help | Tab focus |
┌Sprints [focus]────────────────────────────────────┐┌Sprint Detail────────────────────────────────────────────────────────────────────────┐
│                                                   ││                                                                                     │
│  No sprints found.                                ││  Select a sprint from the list.                                                     │
│                                                   ││                                                                                     │
│  Sprints are defined in .beads/sprints.jsonl      ││                                                                                     │
│  Each line: {"id":"sprint-1","name":"Sprint Alpha ││                                                                                     │
│  "start_date":"...","end_date":"...","bead_ids":[ ││                                                                                     │
│                                                   ││                                                                                     │
│                                                   ││                                                                                     │
│                                                   ││                                                                                     │
│                                                   ││                                                                                     │
│                                                   ││                                                                                     │
│                                                   ││                                                                                     │
│                                                   ││                                                                                     │
│                                                   ││                                                                                     │
│                                                   ││                                                                                     │
│                                                   ││                                                                                     │
│                                                   ││                                                                                     │
│                                                   ││                                                                                     │
│                                                   ││                                                                                     │
│                                                   ││                                                                                     │
│                                                   ││                                                                                     │
│                                                   ││                                                                                     │
│                                                   ││                                                                                     │
│                                                   ││                                                                                     │
│                                                   ││                                                                                     │
│                                                   ││                                                                                     │
└───────────────────────────────────────────────────┘└─────────────────────────────────────────────────────────────────────────────────────┘
Sprint: 0 sprint(s) | j/k navigate | Tab focus | S/Esc back
