---
source: src/tui.rs
assertion_line: 13626
expression: text
---
bvr History | 3/3 | all
┌Beads With History ┐┌Commit Details───────────────────────┐
│                   ││                                     │
│ Bead history list ││ History Summary: beads=3 closed-lik │
│                   ││                                     │
│ > A            ev ││ Issue: A (Root)                     │
│   B            ev ││ Status: open                        │
│   C            ev ││ Min confidence filter: >= 0%        │
│                   ││ Created/Updated/Closed: 2026-01-01  │
│                   ││                                     │
│                   ││ LIFECYCLE:                          │
│                   ││   │ + created    2026-01-01T00:00:0 │
│                   ││   └ . updated    2026-01-02T00:00:0 │
│                   ││                                     │
│                   ││ v: switch to git timeline | J/K: cy │
│                   ││ y: copy bead ID | o: open commit |  │
│                   ││                                     │
│                   ││                                     │
│                   ││                                     │
│                   ││                                     │
│                   ││                                     │
│                   ││                                     │
│                   ││                                     │
│                   ││                                     │
│                   ││                                     │
│                   ││                                     │
│                   ││                                     │
│                   ││                                     │
└───────────────────┘└─────────────────────────────────────┘
History (bead): c confidence (>= 0%) | v bead/git | / search
