---
source: src/tui.rs
assertion_line: 9897
expression: text
---
bvr | mode=History | focus=list | issues=3/3 | filter=all | sort=default | ? help | Tab focus | Esc
┌History Beads [focus]───────────────────┐┌History Timeline────────────────────────────────────────┐
│                                        ││                                                        │
│ Bead history list (3 beads) | v toggle ││ History Summary: beads=3 closed-like=1 selected=A      │
│                                        ││                                                        │
│ > A            events: 2 open          ││ Issue: A (Root)                                        │
│   B            events: 3 open          ││ Status: open                                           │
│   C            events: 3 closed        ││ Min confidence filter: >= 0%                           │
│                                        ││ Created/Updated/Closed: 2026-01-01 / 2026-01-02 / n/a  │
│                                        ││                                                        │
│                                        ││ LIFECYCLE:                                             │
│                                        ││   │ + created    2026-01-01T00:00:00+00:00  Issue A cr │
│                                        ││   └ . updated    2026-01-02T00:00:00+00:00  Current st │
│                                        ││                                                        │
│                                        ││ v: switch to git timeline | J/K: cycle commits         │
│                                        ││ y: copy bead ID | o: open commit | f: file tree        │
│                                        ││                                                        │
│                                        ││                                                        │
│                                        ││                                                        │
│                                        ││                                                        │
│                                        ││                                                        │
│                                        ││                                                        │
│                                        ││                                                        │
│                                        ││                                                        │
│                                        ││                                                        │
│                                        ││                                                        │
│                                        ││                                                        │
│                                        ││                                                        │
└────────────────────────────────────────┘└────────────────────────────────────────────────────────┘
History (bead): c confidence (>= 0%) | v bead/git | / search (Tab mode) | f file-tree | h/Esc back
