---
source: src/tui.rs
expression: text
---
bvr 1 Main b Board i Insights | mode=Main | focus=list | issues=3/3 | filter=all |
┌Confirm Quit──────────────────────────────────────────────────────────────────────────────────────┐
│                                                                                                  │
│ Quit bvr?                                                                                        │
│                                                                                                  │
│ Press Esc or Y to quit.                                                                          │
│ Press any other key to cancel.                                                                   │
│                                                                                                  │
│                                                                                                  │
│                                                                                                  │
│                                                                                                  │
│                                                                                                  │
│                                                                                                  │
│                                                                                                  │
│                                                                                                  │
│                                                                                                  │
│                                                                                                  │
│                                                                                                  │
│                                                                                                  │
│                                                                                                  │
│                                                                                                  │
│                                                                                                  │
│                                                                                                  │
│                                                                                                  │
│                                                                                                  │
│                                                                                                  │
│                                                                                                  │
│                                                                                                  │
└──────────────────────────────────────────────────────────────────────────────────────────────────┘
Esc/Y confirms quit. Any other key cancels.
