---
source: src/tui.rs
expression: text
---
bvr | mode=Main | focus=list | issues=3/3 | filter=all | sort=default | ? help | Tab focus |
┌Issues [focus]──────────────────────────┐┌Details─────────────────────────────────────────────────┐
│                                        ││                                                        │
│ ▸ F ●open P1 A Feature w…              ││ F A  Feature work  (C copy id)                         │
│   B ●open P2 B Bug fix                 ││ Status: open | Priority: p1 | Type: feature | State: r │
│   T ●open P3 C UI polish               ││ Assignee: unassigned | Repo: local | Estimate: n/a     │
│                                        ││ Created: n/a | Updated: n/a | Due: n/a  (t time-travel │
│                                        ││ Closed: n/a | Labels: [backend] [urgent]  (L label fil │
│                                        ││                                                        │
│                                        ││ Triage Snapshot:                                       │
│                                        ││   open blockers: 0 (none)                              │
│                                        ││   unblocks: 0 (none)                                   │
│                                        ││   dependency pressure: 0 upstream | 0 downstream       │
│                                        ││                                                        │
│                                        ││ Graph Signals:                                         │
│                                        ││   Critical depth: 1 | k-core: 0 | slack: 0.0000 | cut- │
│                                        ││   PageRank:       0.3333  ██████  #1                   │
│                                        ││   Betweenness:    0.0000  ░░░░░░  #1                   │
│                                        ││   Eigenvector:    0.5774  ██████  #1                   │
│                                        ││   HITS: hub 0.0000 ░░░░░░ #1 | auth 0.0000 ░░░░░░ #1   │
│                                        ││                                                        │
│                                        ││ Dependency Map:                                        │
│                                        ││   upstream: none                                       │
│                                        ││   open gate: none                                      │
│                                        ││   downstream: none                                     │
│                                        ││                                                        │
│                                        ││ Priority Hints (p to hide):                            │
│                                        ││                                                        │
└────────────────────────────────────────┘└────────────────────────────────────────────────────────┘
b/i/g/h modes | / search | s default | p hints | C copy | x export | O edit
