---
source: src/tui.rs
expression: text
---
bvr 1 Main b Board i Insights h History | mode=History ◈ Beads | focus=list | issues=3/3 | filter=al
┌Beads With History [focus]──┐┌Commits──────────────────────────┐┌Commit Details───────────────────┐
│                            ││                                 ││                                 │
│ Bead history list (3 beads ││ No commits correlated with A.   ││ History Summary: beads=3 closed │
│                            ││                                 ││                                 │
│ > A            events: 2 o ││                                 ││ Issue: A (Root)                 │
│   B            events: 3 o ││                                 ││ Status: open                    │
│   C            events: 3 c ││                                 ││ Min confidence filter: >= 0%    │
│                            ││                                 ││ Created/Updated/Closed: 2026-01 │
│                            ││                                 ││                                 │
│                            ││                                 ││ LIFECYCLE:                      │
│                            ││                                 ││   │ + created    2026-01-01T00: │
│                            ││                                 ││   └ . updated    2026-01-02T00: │
│                            ││                                 ││                                 │
│                            ││                                 ││ v: switch to git timeline | J/K │
│                            ││                                 ││ y: copy bead ID | f: file tree  │
│                            ││                                 ││                                 │
│                            ││                                 ││                                 │
│                            ││                                 ││                                 │
│                            ││                                 ││                                 │
│                            ││                                 ││                                 │
│                            ││                                 ││                                 │
│                            ││                                 ││                                 │
│                            ││                                 ││                                 │
│                            ││                                 ││                                 │
│                            ││                                 ││                                 │
│                            ││                                 ││                                 │
│                            ││                                 ││                                 │
└────────────────────────────┘└─────────────────────────────────┘└─────────────────────────────────┘
c confidence >= 0% | v bead/git | / search | Tab mode | y copy | f file-tree | h/Esc back
