---
source: src/tui.rs
expression: text
---
bvr 1 Main b Board i Insights t TimeTravel | mode=TimeTravel | focus=list | issues=3/3 | filter=all
┌Diff Categories [focus]─────────────────┐┌Diff Detail─────────────────────────────────────────────┐
│                                        ││                                                        │
│  No diff loaded. Press t to enter a re ││                                                        │
│                                        ││                                                        │
│                                        ││                                                        │
│                                        ││                                                        │
│                                        ││                                                        │
│                                        ││                                                        │
│                                        ││                                                        │
│                                        ││                                                        │
│                                        ││                                                        │
│                                        ││                                                        │
│                                        ││                                                        │
│                                        ││                                                        │
│                                        ││                                                        │
│                                        ││                                                        │
│                                        ││                                                        │
│                                        ││                                                        │
│                                        ││                                                        │
│                                        ││                                                        │
│                                        ││                                                        │
│                                        ││                                                        │
│                                        ││                                                        │
│                                        ││                                                        │
│                                        ││                                                        │
│                                        ││                                                        │
│                                        ││                                                        │
└────────────────────────────────────────┘└────────────────────────────────────────────────────────┘
Time-travel: no diff loaded │ t enter ref │ Esc back
